Archive member included because of file (symbol)

C:\CodeSourcery\Sourcery G++ Lite/arm-none-eabi/lib\libc.a(lib_a-memcpy-stub.o)
                              main.o (memcpy)
C:\CodeSourcery\Sourcery G++ Lite/lib/gcc/arm-none-eabi/4.8.1\libgcc.a(_divsi3.o)
                              main.o (__aeabi_idiv)
C:\CodeSourcery\Sourcery G++ Lite/lib/gcc/arm-none-eabi/4.8.1\libgcc.a(_dvmd_tls.o)
                              C:\CodeSourcery\Sourcery G++ Lite/lib/gcc/arm-none-eabi/4.8.1\libgcc.a(_divsi3.o) (__aeabi_idiv0)

Memory Configuration

Name             Origin             Length             Attributes
RAM              0x44100000         0x03800000         xrw
*default*        0x00000000         0xffffffff

Linker script and memory map

LOAD main.o
LOAD runtime.o
LOAD asm_function.o
LOAD crt0.o
LOAD C:\CodeSourcery\Sourcery G++ Lite/arm-none-eabi/lib\libc.a
LOAD C:\CodeSourcery\Sourcery G++ Lite/lib/gcc/arm-none-eabi/4.8.1\libgcc.a

.text           0x44100000      0xdf0
 crt0.o(.text)
 .text          0x44100000       0x2c crt0.o
                0x44100000                __start
 *(.text)
 .text          0x4410002c      0xa88 main.o
                0x441004d0                var_init
                0x44100504                game
                0x441009bc                Main
 .text          0x44100ab4       0x68 runtime.o
                0x44100ab4                _sbrk
                0x44100abc                Delay
 .text          0x44100b1c       0x98 asm_function.o
                0x44100b1c                SVC_Uart_Printf
                0x44100b24                SVC_Uart1_GetIntNum
                0x44100b2c                SVC_Uart1_Get_Char
                0x44100b34                SVC_Lcd_Clr_Screen
                0x44100b3c                SVC_Lcd_Draw_BMP
                0x44100b44                SVC_Key_Wait_Key_Released
                0x44100b4c                SVC_Key_Wait_Key_Pressed
                0x44100b54                SVC_Lcd_Init
                0x44100b5c                SVC_Lcd_Win_Init
                0x44100b64                SVC_Lcd_Brightness_Control
                0x44100b6c                SVC_Key_Poll_Init
                0x44100b74                SVC_Uart1_Get_Pressed
                0x44100b7c                SVC_Lcd_Select_Draw_Frame_Buffer
                0x44100b84                SVC_Lcd_Select_Display_Frame_Buffer
                0x44100b8c                PABT_Falut_Status
                0x44100b94                PABT_Falut_Address
                0x44100b9c                DABT_Falut_Status
                0x44100ba4                DABT_Falut_Address
                0x44100bac                Get_SP
 .text          0x44100bb4       0xf0 C:\CodeSourcery\Sourcery G++ Lite/arm-none-eabi/lib\libc.a(lib_a-memcpy-stub.o)
                0x44100bb4                memcpy
 .text          0x44100ca4      0x148 C:\CodeSourcery\Sourcery G++ Lite/lib/gcc/arm-none-eabi/4.8.1\libgcc.a(_divsi3.o)
                0x44100ca4                __divsi3
                0x44100ca4                __aeabi_idiv
                0x44100dcc                __aeabi_idivmod
 .text          0x44100dec        0x4 C:\CodeSourcery\Sourcery G++ Lite/lib/gcc/arm-none-eabi/4.8.1\libgcc.a(_dvmd_tls.o)
                0x44100dec                __aeabi_idiv0
                0x44100dec                __aeabi_ldiv0
                0x44100df0                . = ALIGN (0x4)

.glue_7         0x44100df0        0x0
 .glue_7        0x00000000        0x0 linker stubs

.glue_7t        0x44100df0        0x0
 .glue_7t       0x00000000        0x0 linker stubs

.vfp11_veneer   0x44100df0        0x0
 .vfp11_veneer  0x00000000        0x0 linker stubs

.v4_bx          0x44100df0        0x0
 .v4_bx         0x00000000        0x0 linker stubs

.iplt           0x44100df0        0x0
 .iplt          0x00000000        0x0 main.o

.rodata         0x44100df0   0x384a58
                0x44100df0                __RO_BASE__ = .
 *(.rodata)
 .rodata        0x44100df0   0x384a28 main.o
                0x44100df0                map2_arr
                0x44101df8                map1_arr
                0x44102240                Logo
                0x442271c8                block_blue2
                0x442276b0                block_black2
                0x44227b98                ghost_green
                0x44228080                map2
                0x4434d008                how_to_play
                0x443e9410                success
 *(.rodata.*)
 .rodata.str1.4
                0x44485818       0x30 main.o
                0x44485848                . = ALIGN (0x4)
                0x44485848                __RO_LIMIT__ = .

.rel.dyn        0x44485848        0x0
 .rel.iplt      0x00000000        0x0 main.o

.data           0x44485848       0x30
                0x44485848                __RW_BASE__ = .
 *(.data)
 .data          0x44485848       0x30 main.o
                0x44485848                map
                0x44485850                user
                0x44485858                popup
                0x44485860                block_blk
                0x44485868                block_blu
                0x44485870                img
 .data          0x44485878        0x0 runtime.o
 .data          0x44485878        0x0 asm_function.o
 .data          0x44485878        0x0 crt0.o
 .data          0x44485878        0x0 C:\CodeSourcery\Sourcery G++ Lite/arm-none-eabi/lib\libc.a(lib_a-memcpy-stub.o)
 .data          0x44485878        0x0 C:\CodeSourcery\Sourcery G++ Lite/lib/gcc/arm-none-eabi/4.8.1\libgcc.a(_divsi3.o)
 .data          0x44485878        0x0 C:\CodeSourcery\Sourcery G++ Lite/lib/gcc/arm-none-eabi/4.8.1\libgcc.a(_dvmd_tls.o)
 *(.data.*)
                0x44485878                . = ALIGN (0x4)
                0x44485878                __RW_LIMIT__ = .

.igot.plt       0x44485878        0x0
 .igot.plt      0x00000000        0x0 main.o

.bss            0x44485878       0xc4
                0x44485878                __ZI_BASE__ = .
 *(.bss)
 .bss           0x44485878       0xc4 main.o
                0x44485878                startY
                0x4448587c                py
                0x44485880                goalY
                0x44485884                px
                0x44485888                goalX
                0x4448588c                dir
                0x44485890                step_size
                0x44485894                ArrWinInfo
                0x44485934                ytmp
                0x44485938                xtmp
 .bss           0x4448593c        0x0 runtime.o
 .bss           0x4448593c        0x0 asm_function.o
 .bss           0x4448593c        0x0 crt0.o
 .bss           0x4448593c        0x0 C:\CodeSourcery\Sourcery G++ Lite/arm-none-eabi/lib\libc.a(lib_a-memcpy-stub.o)
 .bss           0x4448593c        0x0 C:\CodeSourcery\Sourcery G++ Lite/lib/gcc/arm-none-eabi/4.8.1\libgcc.a(_divsi3.o)
 .bss           0x4448593c        0x0 C:\CodeSourcery\Sourcery G++ Lite/lib/gcc/arm-none-eabi/4.8.1\libgcc.a(_dvmd_tls.o)
 *(.bss.*)
                0x4448593c                . = ALIGN (0x4)
                0x4448593c                __ZI_LIMIT__ = .
OUTPUT(multi_app0_0x44100000.elf elf32-littlearm)

.debug_info     0x00000000      0xaa9
 .debug_info    0x00000000      0x8ef main.o
 .debug_info    0x000008ef       0xf2 runtime.o
 .debug_info    0x000009e1       0x68 asm_function.o
 .debug_info    0x00000a49       0x60 crt0.o

.debug_abbrev   0x00000000      0x33b
 .debug_abbrev  0x00000000      0x269 main.o
 .debug_abbrev  0x00000269       0xaa runtime.o
 .debug_abbrev  0x00000313       0x14 asm_function.o
 .debug_abbrev  0x00000327       0x14 crt0.o

.debug_loc      0x00000000       0x86
 .debug_loc     0x00000000       0x65 main.o
 .debug_loc     0x00000065       0x21 runtime.o

.debug_aranges  0x00000000       0x80
 .debug_aranges
                0x00000000       0x20 main.o
 .debug_aranges
                0x00000020       0x20 runtime.o
 .debug_aranges
                0x00000040       0x20 asm_function.o
 .debug_aranges
                0x00000060       0x20 crt0.o

.debug_ranges   0x00000000       0x60
 .debug_ranges  0x00000000       0x60 main.o

.debug_line     0x00000000      0x3b1
 .debug_line    0x00000000      0x275 main.o
 .debug_line    0x00000275       0x8b runtime.o
 .debug_line    0x00000300       0x6f asm_function.o
 .debug_line    0x0000036f       0x42 crt0.o

.debug_str      0x00000000      0x35f
 .debug_str     0x00000000      0x347 main.o
                                0x380 (size before relaxing)
 .debug_str     0x00000347       0x18 runtime.o
                                0x199 (size before relaxing)

.comment        0x00000000       0x30
 .comment       0x00000000       0x30 main.o
                                 0x31 (size before relaxing)
 .comment       0x00000000       0x31 runtime.o

.ARM.attributes
                0x00000000       0x3d
 .ARM.attributes
                0x00000000       0x3f main.o
 .ARM.attributes
                0x0000003f       0x3f runtime.o
 .ARM.attributes
                0x0000007e       0x2b asm_function.o
 .ARM.attributes
                0x000000a9       0x2b crt0.o
 .ARM.attributes
                0x000000d4       0x30 C:\CodeSourcery\Sourcery G++ Lite/arm-none-eabi/lib\libc.a(lib_a-memcpy-stub.o)
 .ARM.attributes
                0x00000104       0x18 C:\CodeSourcery\Sourcery G++ Lite/lib/gcc/arm-none-eabi/4.8.1\libgcc.a(_divsi3.o)
 .ARM.attributes
                0x0000011c       0x18 C:\CodeSourcery\Sourcery G++ Lite/lib/gcc/arm-none-eabi/4.8.1\libgcc.a(_dvmd_tls.o)

.debug_frame    0x00000000      0x11c
 .debug_frame   0x00000000       0x9c main.o
 .debug_frame   0x0000009c       0x34 runtime.o
 .debug_frame   0x000000d0       0x2c C:\CodeSourcery\Sourcery G++ Lite/arm-none-eabi/lib\libc.a(lib_a-memcpy-stub.o)
 .debug_frame   0x000000fc       0x20 C:\CodeSourcery\Sourcery G++ Lite/lib/gcc/arm-none-eabi/4.8.1\libgcc.a(_divsi3.o)

Cross Reference Table

Symbol                                            File
ArrWinInfo                                        main.o
DABT_Falut_Address                                asm_function.o
DABT_Falut_Status                                 asm_function.o
Delay                                             runtime.o
                                                  main.o
Get_SP                                            asm_function.o
Logo                                              main.o
Main                                              main.o
                                                  crt0.o
PABT_Falut_Address                                asm_function.o
PABT_Falut_Status                                 asm_function.o
SVC_Key_Poll_Init                                 asm_function.o
                                                  main.o
SVC_Key_Wait_Key_Pressed                          asm_function.o
SVC_Key_Wait_Key_Released                         asm_function.o
SVC_Lcd_Brightness_Control                        asm_function.o
                                                  main.o
SVC_Lcd_Clr_Screen                                asm_function.o
                                                  main.o
SVC_Lcd_Draw_BMP                                  asm_function.o
                                                  main.o
SVC_Lcd_Init                                      asm_function.o
                                                  main.o
SVC_Lcd_Select_Display_Frame_Buffer               asm_function.o
                                                  main.o
SVC_Lcd_Select_Draw_Frame_Buffer                  asm_function.o
                                                  main.o
SVC_Lcd_Win_Init                                  asm_function.o
                                                  main.o
SVC_Uart1_GetIntNum                               asm_function.o
SVC_Uart1_Get_Char                                asm_function.o
SVC_Uart1_Get_Pressed                             asm_function.o
                                                  main.o
SVC_Uart_Printf                                   asm_function.o
                                                  main.o
__ZI_BASE__                                       crt0.o
__ZI_LIMIT__                                      crt0.o
__aeabi_idiv                                      C:\CodeSourcery\Sourcery G++ Lite/lib/gcc/arm-none-eabi/4.8.1\libgcc.a(_divsi3.o)
                                                  main.o
__aeabi_idiv0                                     C:\CodeSourcery\Sourcery G++ Lite/lib/gcc/arm-none-eabi/4.8.1\libgcc.a(_dvmd_tls.o)
                                                  C:\CodeSourcery\Sourcery G++ Lite/lib/gcc/arm-none-eabi/4.8.1\libgcc.a(_divsi3.o)
__aeabi_idivmod                                   C:\CodeSourcery\Sourcery G++ Lite/lib/gcc/arm-none-eabi/4.8.1\libgcc.a(_divsi3.o)
__aeabi_ldiv0                                     C:\CodeSourcery\Sourcery G++ Lite/lib/gcc/arm-none-eabi/4.8.1\libgcc.a(_dvmd_tls.o)
__divsi3                                          C:\CodeSourcery\Sourcery G++ Lite/lib/gcc/arm-none-eabi/4.8.1\libgcc.a(_divsi3.o)
__start                                           crt0.o
_sbrk                                             runtime.o
block_black2                                      main.o
block_blk                                         main.o
block_blu                                         main.o
block_blue2                                       main.o
dir                                               main.o
game                                              main.o
ghost_green                                       main.o
goalX                                             main.o
goalY                                             main.o
how_to_play                                       main.o
img                                               main.o
map                                               main.o
map1_arr                                          main.o
map2                                              main.o
map2_arr                                          main.o
memcpy                                            C:\CodeSourcery\Sourcery G++ Lite/arm-none-eabi/lib\libc.a(lib_a-memcpy-stub.o)
                                                  main.o
popup                                             main.o
px                                                main.o
py                                                main.o
startY                                            main.o
step_size                                         main.o
success                                           main.o
user                                              main.o
var_init                                          main.o
xtmp                                              main.o
ytmp                                              main.o
