Archive member included because of file (symbol)

C:\CodeSourcery\Sourcery G++ Lite/arm-none-eabi/lib\libc.a(lib_a-atoi.o)
                              uart.o (atoi)
C:\CodeSourcery\Sourcery G++ Lite/arm-none-eabi/lib\libc.a(lib_a-ctype_.o)
                              uart.o (__ctype_ptr__)
C:\CodeSourcery\Sourcery G++ Lite/arm-none-eabi/lib\libc.a(lib_a-strlen.o)
                              uart.o (strlen)
C:\CodeSourcery\Sourcery G++ Lite/arm-none-eabi/lib\libc.a(lib_a-strtol.o)
                              C:\CodeSourcery\Sourcery G++ Lite/arm-none-eabi/lib\libc.a(lib_a-atoi.o) (_strtol_r)
C:\CodeSourcery\Sourcery G++ Lite/arm-none-eabi/lib\libc.a(lib_a-vsprintf.o)
                              graphics.o (vsprintf)
C:\CodeSourcery\Sourcery G++ Lite/arm-none-eabi/lib\libc.a(lib_a-impure.o)
                              C:\CodeSourcery\Sourcery G++ Lite/arm-none-eabi/lib\libc.a(lib_a-strtol.o) (_impure_ptr)
C:\CodeSourcery\Sourcery G++ Lite/arm-none-eabi/lib\libc.a(lib_a-svfprintf.o)
                              C:\CodeSourcery\Sourcery G++ Lite/arm-none-eabi/lib\libc.a(lib_a-vsprintf.o) (_svfprintf_r)
C:\CodeSourcery\Sourcery G++ Lite/arm-none-eabi/lib\libc.a(lib_a-dtoa.o)
                              C:\CodeSourcery\Sourcery G++ Lite/arm-none-eabi/lib\libc.a(lib_a-svfprintf.o) (_dtoa_r)
C:\CodeSourcery\Sourcery G++ Lite/arm-none-eabi/lib\libc.a(lib_a-locale.o)
                              C:\CodeSourcery\Sourcery G++ Lite/arm-none-eabi/lib\libc.a(lib_a-svfprintf.o) (_localeconv_r)
C:\CodeSourcery\Sourcery G++ Lite/arm-none-eabi/lib\libc.a(lib_a-mallocr.o)
                              C:\CodeSourcery\Sourcery G++ Lite/arm-none-eabi/lib\libc.a(lib_a-svfprintf.o) (_malloc_r)
C:\CodeSourcery\Sourcery G++ Lite/arm-none-eabi/lib\libc.a(lib_a-memchr-stub.o)
                              C:\CodeSourcery\Sourcery G++ Lite/arm-none-eabi/lib\libc.a(lib_a-svfprintf.o) (memchr)
C:\CodeSourcery\Sourcery G++ Lite/arm-none-eabi/lib\libc.a(lib_a-memcpy-stub.o)
                              C:\CodeSourcery\Sourcery G++ Lite/arm-none-eabi/lib\libc.a(lib_a-dtoa.o) (memcpy)
C:\CodeSourcery\Sourcery G++ Lite/arm-none-eabi/lib\libc.a(lib_a-mlock.o)
                              C:\CodeSourcery\Sourcery G++ Lite/arm-none-eabi/lib\libc.a(lib_a-mallocr.o) (__malloc_lock)
C:\CodeSourcery\Sourcery G++ Lite/arm-none-eabi/lib\libc.a(lib_a-mprec.o)
                              C:\CodeSourcery\Sourcery G++ Lite/arm-none-eabi/lib\libc.a(lib_a-dtoa.o) (_Balloc)
C:\CodeSourcery\Sourcery G++ Lite/arm-none-eabi/lib\libc.a(lib_a-s_fpclassify.o)
                              C:\CodeSourcery\Sourcery G++ Lite/arm-none-eabi/lib\libc.a(lib_a-svfprintf.o) (__fpclassifyd)
C:\CodeSourcery\Sourcery G++ Lite/arm-none-eabi/lib\libc.a(lib_a-sbrkr.o)
                              C:\CodeSourcery\Sourcery G++ Lite/arm-none-eabi/lib\libc.a(lib_a-mallocr.o) (_sbrk_r)
C:\CodeSourcery\Sourcery G++ Lite/arm-none-eabi/lib\libc.a(lib_a-strcmp.o)
                              C:\CodeSourcery\Sourcery G++ Lite/arm-none-eabi/lib\libc.a(lib_a-locale.o) (strcmp)
C:\CodeSourcery\Sourcery G++ Lite/arm-none-eabi/lib\libc.a(lib_a-svfiprintf.o)
                              C:\CodeSourcery\Sourcery G++ Lite/arm-none-eabi/lib\libc.a(lib_a-svfprintf.o) (__ssprint_r)
C:\CodeSourcery\Sourcery G++ Lite/arm-none-eabi/lib\libc.a(lib_a-callocr.o)
                              C:\CodeSourcery\Sourcery G++ Lite/arm-none-eabi/lib\libc.a(lib_a-mprec.o) (_calloc_r)
C:\CodeSourcery\Sourcery G++ Lite/arm-none-eabi/lib\libc.a(lib_a-freer.o)
                              C:\CodeSourcery\Sourcery G++ Lite/arm-none-eabi/lib\libc.a(lib_a-mallocr.o) (_free_r)
C:\CodeSourcery\Sourcery G++ Lite/arm-none-eabi/lib\libc.a(lib_a-memmove.o)
                              C:\CodeSourcery\Sourcery G++ Lite/arm-none-eabi/lib\libc.a(lib_a-svfiprintf.o) (memmove)
C:\CodeSourcery\Sourcery G++ Lite/arm-none-eabi/lib\libc.a(lib_a-memset.o)
                              C:\CodeSourcery\Sourcery G++ Lite/arm-none-eabi/lib\libc.a(lib_a-callocr.o) (memset)
C:\CodeSourcery\Sourcery G++ Lite/arm-none-eabi/lib\libc.a(lib_a-reallocr.o)
                              C:\CodeSourcery\Sourcery G++ Lite/arm-none-eabi/lib\libc.a(lib_a-svfiprintf.o) (_realloc_r)
C:\CodeSourcery\Sourcery G++ Lite/arm-none-eabi/lib\libc.a(lib_a-reent.o)
                              C:\CodeSourcery\Sourcery G++ Lite/arm-none-eabi/lib\libc.a(lib_a-sbrkr.o) (errno)
C:\CodeSourcery\Sourcery G++ Lite/lib/gcc/arm-none-eabi/4.8.1\libgcc.a(_udivsi3.o)
                              C:\CodeSourcery\Sourcery G++ Lite/arm-none-eabi/lib\libc.a(lib_a-strtol.o) (__aeabi_uidiv)
C:\CodeSourcery\Sourcery G++ Lite/lib/gcc/arm-none-eabi/4.8.1\libgcc.a(_dvmd_tls.o)
                              C:\CodeSourcery\Sourcery G++ Lite/lib/gcc/arm-none-eabi/4.8.1\libgcc.a(_udivsi3.o) (__aeabi_idiv0)
C:\CodeSourcery\Sourcery G++ Lite/lib/gcc/arm-none-eabi/4.8.1\libgcc.a(_arm_addsubdf3.o)
[...]
Memory Configuration

Name             Origin             Length             Attributes
RAM              0x40000000         0x03800000         xrw
*default*        0x00000000         0xffffffff

Linker script and memory map

LOAD Exception.o
LOAD cp15.o
LOAD gic.o
LOAD graphics.o
LOAD key.o
LOAD led.o
LOAD main.o
LOAD runtime.o
LOAD sdhc.o
LOAD timer.o
LOAD uart.o
LOAD asm_function.o
LOAD cp15a.o
LOAD crt0.o
LOAD C:\CodeSourcery\Sourcery G++ Lite/arm-none-eabi/lib\libc.a
LOAD C:\CodeSourcery\Sourcery G++ Lite/lib/gcc/arm-none-eabi/4.8.1\libgcc.a

.text           0x40000000     0xe700
 crt0.o(.text)
 .text          0x40000000      0x19c crt0.o
                0x40000000                __start
 *(.text)
 .text          0x4000019c      0x59c Exception.o
                0x4000019c                Invalid_ISR
                0x400001c8                _SVC_Uart_Printf
                0x400001e8                SDHC_ISR
                0x400002e0                Uart1_ISR
                0x4000033c                Key3_ISR
                0x4000038c                Key4_ISR
                0x400003dc                Timer0_ISR
                0x40000458                _SVC_Uart1_GetIntNum
                0x4000047c                _SVC_Uart1_Get_Char
                0x400004a0                _SVC_Lcd_Clr_Screen
                0x400004c4                _SVC_Lcd_Draw_BMP
                0x400004c8                _SVC_Key_Wait_Key_Released
                0x400004ec                _SVC_Key_Wait_Key_Pressed
                0x40000510                _SVC_Lcd_Init
                0x40000534                _SVC_Lcd_Win_Init
                0x40000570                _SVC_Lcd_Brightness_Control
                0x4000059c                _SVC_Key_Poll_Init
                0x400005c0                _SVC_Lcd_Select_Draw_Frame_Buffer
                0x400005f4                _SVC_Lcd_Select_Display_Frame_Buffer
                0x40000628                _SVC_Uart1_Get_Pressed
                0x4000062c                Undef_Handler
                0x40000664                Dabort_Handler
                0x400006d8                Pabort_Handler
 .text          0x40000738     0x1844 cp15.o
                0x40000f7c                CoGetPAfromVA
                0x40000ffc                L2C_Invalidate_VA
                0x40001084                L2C_Clean_VA
                0x4000110c                L2C_CleanAndInvalidate_VA
                0x40001194                L2C_Enable
                0x400011f0                L2C_Disable
                0x4000121c                L2C_Invalidate_All
                0x4000124c                L2C_Invalidate_PA
                0x40001268                L2C_Invalidate_Way
                0x4000129c                L2C_Clean_All
                0x400012cc                L2C_Clean_PA
                0x400012e8                L2C_Clean_SetWay
                0x40001308                L2C_Clean_Way
                0x4000133c                L2C_CleanAndInvalidate_All
                0x4000136c                L2C_CleanAndInvalidate_PA
                0x40001388                L2C_CleanAndInvalidate_SetWay
                0x400013a8                L2C_CleanAndInvalidate_Way
                0x400013dc                SetTransTable
                0x40001420                CoStopMmuAndL1L2Cache
                0x400014c8                CoStartMmuAndDCache
                0x40001da4                CoInitMmuAndL1L2Cache
                0x40001e84                CoStartMmuAndL1L2Cache
 .text          0x40001f7c      0x280 gic.o
                0x40001f7c                GIC_Distributor_Enable
                0x40001f94                GIC_CPU_Interface_Enable
                0x40001fa8                GIC_Set_Priority_Mask
                0x40001fc0                GIC_Interrupt_Enable
                0x4000200c                GIC_Interrupt_Disable
                0x40002058                GIC_Set_Interrupt_Priority
                0x400020dc                GIC_Set_Processor_Target
                0x40002168                GIC_Clear_Pending_Clear
                0x400021b0                GIC_Read_INTACK
                0x400021cc                GIC_Write_EOI
                0x400021e4                GIC_Generate_SGI
 .text          0x400021fc     0x1da8 graphics.o
                0x400029c0                udelay_f
                0x400029c4                LCD_Clock_Init
                0x40002a2c                Lcd_Init
                0x40002bf4                Lcd_Win_Init_arr
                0x40002d68                Lcd_Win_Init
                0x40002ee4                Lcd_Put_Pixel
                0x40002f14                Lcd_Get_Pixel
                0x40002f3c                Lcd_Get_Pixel_Address
                0x40002f60                Lcd_Clr_Screen
                0x40002fe8                Lcd_Draw_Back_Color
                0x40003070                Lcd_Get_Info_BMP
                0x40003084                Lcd_Draw_BMP
                0x40003128                Lcd_Draw_Image
                0x400031b4                Lcd_Select_Draw_Frame_Buffer
                0x400031dc                Lcd_Select_Display_Frame_Buffer
                0x40003210                absf
                0x4000322c                Lcd_Brightness_Control
                0x40003250                Lcd_Draw_BMP_File_24bpp
                0x40003394                Lcd_Han_Putch
                0x4000375c                Lcd_Eng_Putch
                0x400038d0                Lcd_Puts
                0x40003aec                Lcd_Draw_Bar
                0x40003b6c                Lcd_Draw_Line
                0x40003d20                Lcd_Printf
                0x40003f58                Lcd_Draw_STACK
 .text          0x40003fa4      0x134 key.o
                0x40003fa4                Key_Poll_Init
                0x40003fb8                Key_Get_Key_Pressed
                0x40003fcc                Key_Wait_Key_Released
                0x40003fe4                Key_Wait_Key_Pressed
                0x40004000                Key_ISR_Init
                0x40004030                Key_ISR_Enable
 .text          0x400040d8       0x40 led.o
                0x400040d8                LED_Init
                0x400040fc                LED_Display
 .text          0x40004118      0x13c main.o
                0x40004118                App_Read
                0x40004164                Main
 .text          0x40004254       0xb4 runtime.o
                0x40004254                _sbrk
                0x400042a0                Get_Stack_Base
                0x400042a8                Get_Stack_Limit
                0x400042b4                Get_Heap_Base
                0x400042c4                Get_Heap_Limit
                0x400042d0                Delay
 .text          0x40004308      0xcc0 sdhc.o
                0x40004308                SDHC_Init
                0x400043b0                SDHC_Card_Init
                0x400046c0                SDHC_Port_Init
                0x40004700                SDHC_Clock_Supply
                0x40004744                SDHC_Clock_Stop
                0x4000475c                SDHC_CMD0
                0x400047bc                SDHC_CMD8
                0x40004824                SDHC_CMD55
                0x40004884                SDHC_ACMD41
                0x40004940                SDHC_CMD2
                0x400049a8                SDHC_CMD3
                0x40004a14                SDHC_CMD7
                0x40004a9c                SDHC_ACMD6_4bit
                0x40004b5c                SDHC_ISR_Enable
                0x40004c3c                SDHC_BusPower_Control
                0x40004cc8                SDHC_Change_Dat_Width_4bit
                0x40004d94                SD_Read_Sector
                0x40004ea4                SD_Write_Sector
 .text          0x40004fc8      0x13c timer.o
                0x40004fc8                Timer0_Delay
                0x4000504c                Timer0_Int_Delay
 *fill*         0x40005104        0x4 
 .text          0x40005108      0x630 uart.o
                0x40005108                Uart1_Init
                0x400051d8                Uart1_Send_Byte
                0x4000522c                Uart1_Send_String
                0x40005298                Uart1_Printf
                0x40005330                Uart1_Get_Char
                0x40005358                Uart1_Get_Pressed
                0x40005374                Uart1_ISR_Enable
                0x40005440                Uart1_GetString
                0x40005538                Uart1_GetIntNum
 .text          0x40005738       0x80 asm_function.o
                0x40005738                Run_App
                0x40005754                Get_User_SP
                0x40005768                Get_User_Stack_Base
                0x40005770                Get_User_Stack_Limit
                0x40005778                PABT_Falut_Status
                0x40005780                PABT_Falut_Address
                0x40005788                DABT_Falut_Status
                0x40005790                DABT_Falut_Address
                0x40005798                Get_SP
                0x400057a0                Main_ID
                0x400057a8                TLB_Type
 .text          0x400057b8      0x53c cp15a.o
                0x400057b8                exynos_smc
                0x400057c8                CoGetOSReadPA
                0x400057d8                CoGetOSWritePA
                0x400057e8                CoGetUserReadPA
                0x400057f8                CoGetUserWritePA
                0x40005808                CoEnableL2PrefetchHint
                0x40005818                CoDisableL2PrefetchHint
                0x40005828                CoEnableICache
                0x40005844                CoDisableICache
                0x40005860                CoEnableDCache
                0x40005870                CoDisableDCache
                0x40005880                CoReadCTR
                0x40005888                CoReadCLIDR
                0x40005890                CoReadCCSIDR
                0x40005898                CoReadCSSELR
                0x400058a0                CoEnableIrq
                0x400058b0                CoDisableIrq
                0x400058c0                CoEnableFiq
                0x400058d0                CoDisableFiq
                0x400058e0                CoSetIF
                0x400058f4                CoWrIF
                0x400058fc                CoClrIF
                0x4000590c                CoEnableVectoredInt
                0x4000591c                CoDisableVectoredInt
                0x4000592c                CoEnableUnalignedAccess
                0x4000593c                CoDisableUnalignedAccess
                0x4000594c                CoEnableAlignFault
                0x4000595c                CoDisableAlignFault
                0x4000596c                CoEnableMmu
                0x4000597c                CoDisableMmu
                0x4000598c                CoSetFastBusMode
                0x4000599c                CoSetAsyncBusMode
                0x400059ac                CoEnableBranchPrediction
                0x400059bc                CoDisableBranchPrediction
                0x400059cc                CoEnableVfp
                0x400059dc                CoEnableNeon
                0x400059ec                CoSetTTBase
                0x400059f4                CoSelTTBReg0
                0x40005a00                CoSetASID
                0x40005a08                CoSetDomain
                0x40005a10                CoWaitForInterrupt
                0x40005a1c                CoInvalidateICache
                0x40005a2c                CoInvalidateDCache
                0x40005a3c                CoInvalidateDCacheVA
                0x40005a48                CoInvalidateDCacheIndex
                0x40005a54                CoInvalidateBothCaches
                0x40005a64                CoCleanDCacheVA
                0x40005a70                CoCleanDCacheIndex
                0x40005a7c                CoDataSyncBarrier
                0x40005a84                CoPrefetchICacheLineVA
                0x40005a8c                CoCleanAndInvalidateDCacheVA
                0x40005a98                CoCleanAndInvalidateDCacheIndex
                0x40005aa4                CoInvalidateITlb
                0x40005ab0                CoInvalidateITlbVA
                0x40005ab8                CoInvalidateITlbASID
                0x40005ac0                CoInvalidateDTlb
                0x40005acc                CoInvalidateDTlbVA
                0x40005ad4                CoInvalidateDTlbASID
                0x40005adc                CoInvalidateMainTlb
                0x40005ae8                CoInvalidateMainTlbVA
                0x40005af0                CoInvalidateMainTlbASID
                0x40005afc                CoSetDCacheLockdownBase
                0x40005b04                CoSetICacheLockdownBase
                0x40005b0c                CoLockL2Cache
                0x40005b1c                CoUnLockL2Cache
                0x40005b2c                CoSetL2CacheAuxCrtlReg
                0x40005b34                CoSetDTlbLockdown
                0x40005b3c                CoSetITlbLockdown
                0x40005b44                CoSetL2CacheLines
                0x40005b50                CoCopyToL2Cache
                0x40005ba4                CoCopyFromL2Cache
                0x40005bf0                CoStopPLE
                0x40005bfc                CoNonSecureAccCtrl
                0x40005c10                CoGetCacheSizeID
                0x40005c1c                CoGetPAreg
                0x40005c28                CoGetNormalMemRemapReg
                0x40005c34                CoInvalidateDCacheForV7
                0x40005cc4                CoSetExceptonVectoerBase
                0x40005ccc                CoSetProcessId
                0x40005cd4                CoSetMpll
 .text          0x40005cf4       0x30 C:\CodeSourcery\Sourcery G++ Lite/arm-none-eabi/lib\libc.a(lib_a-atoi.o)
                0x40005cf4                atoi
                0x40005d0c                _atoi_r
 .text          0x40005d24        0x0 C:\CodeSourcery\Sourcery G++ Lite/arm-none-eabi/lib\libc.a(lib_a-ctype_.o)
 .text          0x40005d24       0x60 C:\CodeSourcery\Sourcery G++ Lite/arm-none-eabi/lib\libc.a(lib_a-strlen.o)
                0x40005d24                strlen
 .text          0x40005d84      0x1f8 C:\CodeSourcery\Sourcery G++ Lite/arm-none-eabi/lib\libc.a(lib_a-strtol.o)
                0x40005d84                _strtol_r
                0x40005f54                strtol
 .text          0x40005f7c       0x78 C:\CodeSourcery\Sourcery G++ Lite/arm-none-eabi/lib\libc.a(lib_a-vsprintf.o)
                0x40005f7c                _vsprintf_r
                0x40005fcc                vsprintf
 .text          0x40005ff4        0x0 C:\CodeSourcery\Sourcery G++ Lite/arm-none-eabi/lib\libc.a(lib_a-impure.o)
 .text          0x40005ff4     0x1f0c C:\CodeSourcery\Sourcery G++ Lite/arm-none-eabi/lib\libc.a(lib_a-svfprintf.o)
                0x40005ff4                _svfprintf_r
 .text          0x40007f00     0x18d8 C:\CodeSourcery\Sourcery G++ Lite/arm-none-eabi/lib\libc.a(lib_a-dtoa.o)
                0x400080e0                _dtoa_r
 .text          0x400097d8       0xd0 C:\CodeSourcery\Sourcery G++ Lite/arm-none-eabi/lib\libc.a(lib_a-locale.o)
                0x400097d8                _setlocale_r
                0x40009848                __locale_charset
                0x40009854                __locale_mb_cur_max
                0x40009864                __locale_msgcharset
                0x40009870                __locale_cjk_lang
                0x40009878                _localeconv_r
                0x40009884                setlocale
                0x4000989c                localeconv
 .text          0x400098a8      0x72c C:\CodeSourcery\Sourcery G++ Lite/arm-none-eabi/lib\libc.a(lib_a-mallocr.o)
                0x400098a8                _malloc_r
 .text          0x40009fd4      0x114 C:\CodeSourcery\Sourcery G++ Lite/arm-none-eabi/lib\libc.a(lib_a-memchr-stub.o)
                0x40009fd4                memchr
 .text          0x4000a0e8       0xf0 C:\CodeSourcery\Sourcery G++ Lite/arm-none-eabi/lib\libc.a(lib_a-memcpy-stub.o)
                0x4000a0e8                memcpy
 .text          0x4000a1d8        0x8 C:\CodeSourcery\Sourcery G++ Lite/arm-none-eabi/lib\libc.a(lib_a-mlock.o)
                0x4000a1d8                __malloc_lock
                0x4000a1dc                __malloc_unlock
 .text          0x4000a1e0      0xd2c C:\CodeSourcery\Sourcery G++ Lite/arm-none-eabi/lib\libc.a(lib_a-mprec.o)
                0x4000a1e0                _Balloc
                0x4000a26c                _Bfree
                0x4000a288                __multadd
                0x4000a364                __s2b
                0x4000a44c                __hi0bits
                0x4000a4a8                __lo0bits
                0x4000a53c                __i2b
                0x4000a560                __multiply
                0x4000a748                __pow5mult
                0x4000a84c                __lshift
                0x4000a958                __mcmp
                0x4000a9b8                __mdiff
                0x4000aafc                __ulp
                0x4000ab60                __b2d
                0x4000ac34                __d2b
                0x4000ad40                __ratio
                0x4000adc8                _mprec_log10
                0x4000ae20                __copybits
                0x4000ae90                __any_on
 .text          0x4000af0c       0x6c C:\CodeSourcery\Sourcery G++ Lite/arm-none-eabi/lib\libc.a(lib_a-s_fpclassify.o)
                0x4000af0c                __fpclassifyd
 .text          0x4000af78       0x44 C:\CodeSourcery\Sourcery G++ Lite/arm-none-eabi/lib\libc.a(lib_a-sbrkr.o)
                0x4000af78                _sbrk_r
 .text          0x4000afbc      0x230 C:\CodeSourcery\Sourcery G++ Lite/arm-none-eabi/lib\libc.a(lib_a-strcmp.o)
                0x4000afbc                strcmp
 .text          0x4000b1ec     0x128c C:\CodeSourcery\Sourcery G++ Lite/arm-none-eabi/lib\libc.a(lib_a-svfiprintf.o)
                0x4000b1ec                __ssprint_r
                0x4000b398                _svfiprintf_r
 .text          0x4000c478       0x9c C:\CodeSourcery\Sourcery G++ Lite/arm-none-eabi/lib\libc.a(lib_a-callocr.o)
                0x4000c478                _calloc_r
 .text          0x4000c514      0x36c C:\CodeSourcery\Sourcery G++ Lite/arm-none-eabi/lib\libc.a(lib_a-freer.o)
                0x4000c514                _malloc_trim_r
                0x4000c614                _free_r
 .text          0x4000c880      0x134 C:\CodeSourcery\Sourcery G++ Lite/arm-none-eabi/lib\libc.a(lib_a-memmove.o)
                0x4000c880                memmove
 .text          0x4000c9b4       0xf4 C:\CodeSourcery\Sourcery G++ Lite/arm-none-eabi/lib\libc.a(lib_a-memset.o)
                0x4000c9b4                memset
 .text          0x4000caa8      0x56c C:\CodeSourcery\Sourcery G++ Lite/arm-none-eabi/lib\libc.a(lib_a-reallocr.o)
                0x4000caa8                _realloc_r
 .text          0x4000d014      0x134 C:\CodeSourcery\Sourcery G++ Lite/arm-none-eabi/lib\libc.a(lib_a-reent.o)
                0x4000d014                cleanup_glue
                0x4000d040                _reclaim_reent
 .text          0x4000d148      0x114 C:\CodeSourcery\Sourcery G++ Lite/lib/gcc/arm-none-eabi/4.8.1\libgcc.a(_udivsi3.o)
                0x4000d148                __aeabi_uidiv
                0x4000d148                __udivsi3
                0x4000d23c                __aeabi_uidivmod
 .text          0x4000d25c        0x4 C:\CodeSourcery\Sourcery G++ Lite/lib/gcc/arm-none-eabi/4.8.1\libgcc.a(_dvmd_tls.o)
                0x4000d25c                __aeabi_idiv0
                0x4000d25c                __aeabi_ldiv0
 .text          0x4000d260      0x41c C:\CodeSourcery\Sourcery G++ Lite/lib/gcc/arm-none-eabi/4.8.1\libgcc.a(_arm_addsubdf3.o)
                0x4000d260                __aeabi_drsub
                0x4000d268                __aeabi_dsub
                0x4000d268                __subdf3
                0x4000d26c                __aeabi_dadd
                0x4000d26c                __adddf3
                0x4000d57c                __floatunsidf
                0x4000d57c                __aeabi_ui2d
                0x4000d5a0                __floatsidf
                0x4000d5a0                __aeabi_i2d
                0x4000d5c8                __aeabi_f2d
                0x4000d5c8                __extendsfdf2
                0x4000d608                __floatundidf
                0x4000d608                __aeabi_ul2d
                0x4000d61c                __floatdidf
                0x4000d61c                __aeabi_l2d
 .text          0x4000d67c      0x49c C:\CodeSourcery\Sourcery G++ Lite/lib/gcc/arm-none-eabi/4.8.1\libgcc.a(_arm_muldivdf3.o)
                0x4000d67c                __aeabi_dmul
                0x4000d67c                __muldf3
                0x4000d90c                __divdf3
                0x4000d90c                __aeabi_ddiv
 .text          0x4000db18      0x144 C:\CodeSourcery\Sourcery G++ Lite/lib/gcc/arm-none-eabi/4.8.1\libgcc.a(_arm_cmpdf2.o)
                0x4000db18                __gtdf2
                0x4000db18                __gedf2
                0x4000db20                __ltdf2
                0x4000db20                __ledf2
                0x4000db28                __nedf2
                0x4000db28                __eqdf2
                0x4000db28                __cmpdf2
                0x4000dbb0                __aeabi_cdrcmple
                0x4000dbcc                __aeabi_cdcmpeq
                0x4000dbcc                __aeabi_cdcmple
                0x4000dbe4                __aeabi_dcmpeq
                0x4000dbfc                __aeabi_dcmplt
                0x4000dc14                __aeabi_dcmple
                0x4000dc2c                __aeabi_dcmpge
                0x4000dc44                __aeabi_dcmpgt
 .text          0x4000dc5c       0x5c C:\CodeSourcery\Sourcery G++ Lite/lib/gcc/arm-none-eabi/4.8.1\libgcc.a(_arm_fixdfsi.o)
                0x4000dc5c                __aeabi_d2iz
                0x4000dc5c                __fixdfsi
 .text          0x4000dcb8       0x3c C:\CodeSourcery\Sourcery G++ Lite/lib/gcc/arm-none-eabi/4.8.1\libgcc.a(_aeabi_uldivmod.o)
                0x4000dcb8                __aeabi_uldivmod
 .text          0x4000dcf4       0x84 C:\CodeSourcery\Sourcery G++ Lite/lib/gcc/arm-none-eabi/4.8.1\libgcc.a(bpabi.o)
                0x4000dcf4                __gnu_ldivmod_helper
                0x4000dd38                __gnu_uldivmod_helper
 .text          0x4000dd78      0x4d0 C:\CodeSourcery\Sourcery G++ Lite/lib/gcc/arm-none-eabi/4.8.1\libgcc.a(_divdi3.o)
                0x4000dd78                __divdi3
 .text          0x4000e248      0x470 C:\CodeSourcery\Sourcery G++ Lite/lib/gcc/arm-none-eabi/4.8.1\libgcc.a(_udivdi3.o)
                0x4000e248                __udivdi3
 .text          0x4000e6b8       0x48 C:\CodeSourcery\Sourcery G++ Lite/lib/gcc/arm-none-eabi/4.8.1\libgcc.a(_clzsi2.o)
                0x4000e6b8                __clzsi2
                0x4000e700                . = ALIGN (0x4)

.glue_7         0x4000e700        0x0
 .glue_7        0x00000000        0x0 linker stubs

.glue_7t        0x4000e700        0x0
 .glue_7t       0x00000000        0x0 linker stubs

.vfp11_veneer   0x4000e700        0x0
 .vfp11_veneer  0x00000000        0x0 linker stubs

.v4_bx          0x4000e700        0x0
 .v4_bx         0x00000000        0x0 linker stubs

.iplt           0x4000e700        0x0
 .iplt          0x00000000        0x0 Exception.o

.rodata         0x4000e700     0x8884
                0x4000e700                __RO_BASE__ = .
 *(.rodata)
 .rodata        0x4000e700     0x82b8 graphics.o
                0x4000e708                HanTable
                0x40012c68                han16x16
                0x400159b8                eng8x16
 .rodata        0x400169b8      0x104 C:\CodeSourcery\Sourcery G++ Lite/arm-none-eabi/lib\libc.a(lib_a-ctype_.o)
                0x400169b8                _ctype_
 .rodata        0x40016abc        0x4 C:\CodeSourcery\Sourcery G++ Lite/arm-none-eabi/lib\libc.a(lib_a-impure.o)
                0x40016abc                _global_impure_ptr
 .rodata        0x40016ac0       0x20 C:\CodeSourcery\Sourcery G++ Lite/arm-none-eabi/lib\libc.a(lib_a-svfprintf.o)
 .rodata        0x40016ae0      0x128 C:\CodeSourcery\Sourcery G++ Lite/arm-none-eabi/lib\libc.a(lib_a-mprec.o)
                0x40016af0                __mprec_tens
                0x40016bb8                __mprec_tinytens
                0x40016be0                __mprec_bigtens
 .rodata        0x40016c08       0x20 C:\CodeSourcery\Sourcery G++ Lite/arm-none-eabi/lib\libc.a(lib_a-svfiprintf.o)
 *(.rodata.*)
 .rodata.str1.4
                0x40016c28      0x2a1 Exception.o
                                0x2a4 (size before relaxing)
 *fill*         0x40016ec9        0x3 
 .rodata.str1.4
                0x40016ecc       0x2d graphics.o
                                 0x30 (size before relaxing)
 *fill*         0x40016ef9        0x3 
 .rodata.str1.4
                0x40016efc       0x1f main.o
                                 0x20 (size before relaxing)
 *fill*         0x40016f1b        0x1 
 .rodata.str1.4
                0x40016f1c        0x4 uart.o
 .rodata.str1.4
                0x40016f20        0x2 C:\CodeSourcery\Sourcery G++ Lite/arm-none-eabi/lib\libc.a(lib_a-impure.o)
                                  0x4 (size before relaxing)
 *fill*         0x40016f22        0x2 
 .rodata.str1.4
                0x40016f24       0x42 C:\CodeSourcery\Sourcery G++ Lite/arm-none-eabi/lib\libc.a(lib_a-svfprintf.o)
                                 0x44 (size before relaxing)
 *fill*         0x40016f66        0x2 
 .rodata.str1.4
                0x40016f68       0x10 C:\CodeSourcery\Sourcery G++ Lite/arm-none-eabi/lib\libc.a(lib_a-dtoa.o)
                                 0x14 (size before relaxing)
 .rodata.str1.4
                0x40016f78        0xc C:\CodeSourcery\Sourcery G++ Lite/arm-none-eabi/lib\libc.a(lib_a-locale.o)
                                 0x14 (size before relaxing)
 .rodata.str1.4
                0x00000000       0x30 C:\CodeSourcery\Sourcery G++ Lite/arm-none-eabi/lib\libc.a(lib_a-svfiprintf.o)
                0x40016f84                . = ALIGN (0x4)
                0x40016f84                __RO_LIMIT__ = .

.ARM.extab      0x40016f84        0x0
 .ARM.extab     0x40016f84        0x0 C:\CodeSourcery\Sourcery G++ Lite/lib/gcc/arm-none-eabi/4.8.1\libgcc.a(_divdi3.o)
 .ARM.extab     0x40016f84        0x0 C:\CodeSourcery\Sourcery G++ Lite/lib/gcc/arm-none-eabi/4.8.1\libgcc.a(_udivdi3.o)

.ARM.exidx      0x40016f84        0x8
 .ARM.exidx     0x40016f84        0x8 C:\CodeSourcery\Sourcery G++ Lite/lib/gcc/arm-none-eabi/4.8.1\libgcc.a(_divdi3.o)
 .ARM.exidx     0x40016f8c        0x0 C:\CodeSourcery\Sourcery G++ Lite/lib/gcc/arm-none-eabi/4.8.1\libgcc.a(_udivdi3.o)
                                  0x8 (size before relaxing)

.rel.dyn        0x40016f8c        0x0
 .rel.iplt      0x00000000        0x0 Exception.o

.data           0x40016f90      0xbb4
                0x40016f90                __RW_BASE__ = .
 *(.data)
 .data          0x40016f90      0x218 Exception.o
                0x40016f90                SVC_Handler
                0x40016fc8                ISR_Vector
 .data          0x400171a8        0x0 cp15.o
 .data          0x400171a8       0xb0 gic.o
                0x400171a8                ICCICR
                0x400171b8                ICCPMR
                0x400171c8                ICDISER0
                0x400171d8                ICDISERn
                0x400171e8                ICDICER0
                0x400171f8                ICDICERn
                0x40017208                ICDIPR0
                0x40017218                ICDIPTR0
                0x40017228                ICDICPR0
                0x40017238                ICCIAR
                0x40017248                ICCEOIR
 .data          0x40017258       0x28 graphics.o
                0x40017258                ArrFbSel
 .data          0x40017280        0x0 key.o
 .data          0x40017280        0x0 led.o
 .data          0x40017280        0x0 main.o
 .data          0x40017280        0x0 runtime.o
 .data          0x40017280        0x0 sdhc.o
 .data          0x40017280        0x0 timer.o
 .data          0x40017280        0x0 uart.o
 .data          0x40017280        0x0 asm_function.o
 .data          0x40017280        0x0 cp15a.o
 .data          0x40017280        0x0 crt0.o
 .data          0x40017280        0x0 C:\CodeSourcery\Sourcery G++ Lite/arm-none-eabi/lib\libc.a(lib_a-atoi.o)
 .data          0x40017280        0x4 C:\CodeSourcery\Sourcery G++ Lite/arm-none-eabi/lib\libc.a(lib_a-ctype_.o)
                0x40017280                __ctype_ptr__
 .data          0x40017284        0x0 C:\CodeSourcery\Sourcery G++ Lite/arm-none-eabi/lib\libc.a(lib_a-strlen.o)
 .data          0x40017284        0x0 C:\CodeSourcery\Sourcery G++ Lite/arm-none-eabi/lib\libc.a(lib_a-strtol.o)
 .data          0x40017284        0x0 C:\CodeSourcery\Sourcery G++ Lite/arm-none-eabi/lib\libc.a(lib_a-vsprintf.o)
 *fill*         0x40017284        0x4 
 .data          0x40017288      0x430 C:\CodeSourcery\Sourcery G++ Lite/arm-none-eabi/lib\libc.a(lib_a-impure.o)
                0x40017288                _impure_ptr
 .data          0x400176b8        0x0 C:\CodeSourcery\Sourcery G++ Lite/arm-none-eabi/lib\libc.a(lib_a-svfprintf.o)
 .data          0x400176b8        0x0 C:\CodeSourcery\Sourcery G++ Lite/arm-none-eabi/lib\libc.a(lib_a-dtoa.o)
 .data          0x400176b8       0x7c C:\CodeSourcery\Sourcery G++ Lite/arm-none-eabi/lib\libc.a(lib_a-locale.o)
                0x400176d8                __mb_cur_max
 .data          0x40017734      0x410 C:\CodeSourcery\Sourcery G++ Lite/arm-none-eabi/lib\libc.a(lib_a-mallocr.o)
                0x40017734                __malloc_av_
                0x40017b3c                __malloc_sbrk_base
                0x40017b40                __malloc_trim_threshold
 .data          0x40017b44        0x0 C:\CodeSourcery\Sourcery G++ Lite/arm-none-eabi/lib\libc.a(lib_a-memchr-stub.o)
 .data          0x40017b44        0x0 C:\CodeSourcery\Sourcery G++ Lite/arm-none-eabi/lib\libc.a(lib_a-memcpy-stub.o)
 .data          0x40017b44        0x0 C:\CodeSourcery\Sourcery G++ Lite/arm-none-eabi/lib\libc.a(lib_a-mlock.o)
 .data          0x40017b44        0x0 C:\CodeSourcery\Sourcery G++ Lite/arm-none-eabi/lib\libc.a(lib_a-mprec.o)
 .data          0x40017b44        0x0 C:\CodeSourcery\Sourcery G++ Lite/arm-none-eabi/lib\libc.a(lib_a-s_fpclassify.o)
 .data          0x40017b44        0x0 C:\CodeSourcery\Sourcery G++ Lite/arm-none-eabi/lib\libc.a(lib_a-sbrkr.o)
 .data          0x40017b44        0x0 C:\CodeSourcery\Sourcery G++ Lite/arm-none-eabi/lib\libc.a(lib_a-strcmp.o)
 .data          0x40017b44        0x0 C:\CodeSourcery\Sourcery G++ Lite/arm-none-eabi/lib\libc.a(lib_a-svfiprintf.o)
 .data          0x40017b44        0x0 C:\CodeSourcery\Sourcery G++ Lite/arm-none-eabi/lib\libc.a(lib_a-callocr.o)
 .data          0x40017b44        0x0 C:\CodeSourcery\Sourcery G++ Lite/arm-none-eabi/lib\libc.a(lib_a-freer.o)
 .data          0x40017b44        0x0 C:\CodeSourcery\Sourcery G++ Lite/arm-none-eabi/lib\libc.a(lib_a-memmove.o)
 .data          0x40017b44        0x0 C:\CodeSourcery\Sourcery G++ Lite/arm-none-eabi/lib\libc.a(lib_a-memset.o)
 .data          0x40017b44        0x0 C:\CodeSourcery\Sourcery G++ Lite/arm-none-eabi/lib\libc.a(lib_a-reallocr.o)
 .data          0x40017b44        0x0 C:\CodeSourcery\Sourcery G++ Lite/arm-none-eabi/lib\libc.a(lib_a-reent.o)
 .data          0x40017b44        0x0 C:\CodeSourcery\Sourcery G++ Lite/lib/gcc/arm-none-eabi/4.8.1\libgcc.a(_udivsi3.o)
 .data          0x40017b44        0x0 C:\CodeSourcery\Sourcery G++ Lite/lib/gcc/arm-none-eabi/4.8.1\libgcc.a(_dvmd_tls.o)
 .data          0x40017b44        0x0 C:\CodeSourcery\Sourcery G++ Lite/lib/gcc/arm-none-eabi/4.8.1\libgcc.a(_arm_addsubdf3.o)
 .data          0x40017b44        0x0 C:\CodeSourcery\Sourcery G++ Lite/lib/gcc/arm-none-eabi/4.8.1\libgcc.a(_arm_muldivdf3.o)
 .data          0x40017b44        0x0 C:\CodeSourcery\Sourcery G++ Lite/lib/gcc/arm-none-eabi/4.8.1\libgcc.a(_arm_cmpdf2.o)
 .data          0x40017b44        0x0 C:\CodeSourcery\Sourcery G++ Lite/lib/gcc/arm-none-eabi/4.8.1\libgcc.a(_arm_fixdfsi.o)
 .data          0x40017b44        0x0 C:\CodeSourcery\Sourcery G++ Lite/lib/gcc/arm-none-eabi/4.8.1\libgcc.a(_aeabi_uldivmod.o)
 .data          0x40017b44        0x0 C:\CodeSourcery\Sourcery G++ Lite/lib/gcc/arm-none-eabi/4.8.1\libgcc.a(bpabi.o)
 .data          0x40017b44        0x0 C:\CodeSourcery\Sourcery G++ Lite/lib/gcc/arm-none-eabi/4.8.1\libgcc.a(_divdi3.o)
 .data          0x40017b44        0x0 C:\CodeSourcery\Sourcery G++ Lite/lib/gcc/arm-none-eabi/4.8.1\libgcc.a(_udivdi3.o)
 .data          0x40017b44        0x0 C:\CodeSourcery\Sourcery G++ Lite/lib/gcc/arm-none-eabi/4.8.1\libgcc.a(_clzsi2.o)
 *(.data.*)
                0x40017b44                . = ALIGN (0x4)
                0x40017b44                __RW_LIMIT__ = .

.igot.plt       0x40017b44        0x0
 .igot.plt      0x00000000        0x0 Exception.o

.bss            0x40017b48      0x11c
                0x40017b48                __ZI_BASE__ = .
 *(.bss)
 .bss           0x40017b48       0x18 Exception.o
                0x40017b48                sd_insert_flag
                0x40017b4c                sd_rd_buffer_flag
                0x40017b50                sd_wr_buffer_flag
                0x40017b54                sd_tr_flag
                0x40017b58                sd_command_complete_flag
 .bss           0x40017b60        0x0 cp15.o
 .bss           0x40017b60        0x0 gic.o
 .bss           0x40017b60       0xb8 graphics.o
                0x40017b60                pLcdFb
                0x40017b64                ArrWinInfo
                0x40017c04                Selected_win
                0x40017c08                Selected_frame
                0x40017c10                Display_frame
 .bss           0x40017c18        0x0 key.o
 .bss           0x40017c18        0x0 led.o
 .bss           0x40017c18        0x0 main.o
 .bss           0x40017c18        0x4 runtime.o
 .bss           0x40017c1c        0x2 sdhc.o
                0x40017c1c                sd_rca
 .bss           0x40017c1e        0x0 timer.o
 .bss           0x40017c1e        0x0 uart.o
 .bss           0x40017c1e        0x0 asm_function.o
 .bss           0x40017c1e        0x0 cp15a.o
 .bss           0x40017c1e        0x0 crt0.o
 .bss           0x40017c1e        0x0 C:\CodeSourcery\Sourcery G++ Lite/arm-none-eabi/lib\libc.a(lib_a-atoi.o)
 .bss           0x40017c1e        0x0 C:\CodeSourcery\Sourcery G++ Lite/arm-none-eabi/lib\libc.a(lib_a-ctype_.o)
 .bss           0x40017c1e        0x0 C:\CodeSourcery\Sourcery G++ Lite/arm-none-eabi/lib\libc.a(lib_a-strlen.o)
 .bss           0x40017c1e        0x0 C:\CodeSourcery\Sourcery G++ Lite/arm-none-eabi/lib\libc.a(lib_a-strtol.o)
 .bss           0x40017c1e        0x0 C:\CodeSourcery\Sourcery G++ Lite/arm-none-eabi/lib\libc.a(lib_a-vsprintf.o)
 .bss           0x40017c1e        0x0 C:\CodeSourcery\Sourcery G++ Lite/arm-none-eabi/lib\libc.a(lib_a-impure.o)
 .bss           0x40017c1e        0x0 C:\CodeSourcery\Sourcery G++ Lite/arm-none-eabi/lib\libc.a(lib_a-svfprintf.o)
 .bss           0x40017c1e        0x0 C:\CodeSourcery\Sourcery G++ Lite/arm-none-eabi/lib\libc.a(lib_a-dtoa.o)
 *fill*         0x40017c1e        0x2 
 .bss           0x40017c20        0xc C:\CodeSourcery\Sourcery G++ Lite/arm-none-eabi/lib\libc.a(lib_a-locale.o)
                0x40017c20                _PathLocale
                0x40017c24                __mlocale_changed
                0x40017c28                __nlocale_changed
 .bss           0x40017c2c       0x34 C:\CodeSourcery\Sourcery G++ Lite/arm-none-eabi/lib\libc.a(lib_a-mallocr.o)
                0x40017c2c                __malloc_top_pad
                0x40017c30                __malloc_current_mallinfo
                0x40017c58                __malloc_max_sbrked_mem
                0x40017c5c                __malloc_max_total_mem
 .bss           0x40017c60        0x0 C:\CodeSourcery\Sourcery G++ Lite/arm-none-eabi/lib\libc.a(lib_a-memchr-stub.o)
 .bss           0x40017c60        0x0 C:\CodeSourcery\Sourcery G++ Lite/arm-none-eabi/lib\libc.a(lib_a-memcpy-stub.o)
 .bss           0x40017c60        0x0 C:\CodeSourcery\Sourcery G++ Lite/arm-none-eabi/lib\libc.a(lib_a-mlock.o)
 .bss           0x40017c60        0x0 C:\CodeSourcery\Sourcery G++ Lite/arm-none-eabi/lib\libc.a(lib_a-mprec.o)
 .bss           0x40017c60        0x0 C:\CodeSourcery\Sourcery G++ Lite/arm-none-eabi/lib\libc.a(lib_a-s_fpclassify.o)
 .bss           0x40017c60        0x0 C:\CodeSourcery\Sourcery G++ Lite/arm-none-eabi/lib\libc.a(lib_a-sbrkr.o)
 .bss           0x40017c60        0x0 C:\CodeSourcery\Sourcery G++ Lite/arm-none-eabi/lib\libc.a(lib_a-strcmp.o)
 .bss           0x40017c60        0x0 C:\CodeSourcery\Sourcery G++ Lite/arm-none-eabi/lib\libc.a(lib_a-svfiprintf.o)
 .bss           0x40017c60        0x0 C:\CodeSourcery\Sourcery G++ Lite/arm-none-eabi/lib\libc.a(lib_a-callocr.o)
 .bss           0x40017c60        0x0 C:\CodeSourcery\Sourcery G++ Lite/arm-none-eabi/lib\libc.a(lib_a-freer.o)
 .bss           0x40017c60        0x0 C:\CodeSourcery\Sourcery G++ Lite/arm-none-eabi/lib\libc.a(lib_a-memmove.o)
 .bss           0x40017c60        0x0 C:\CodeSourcery\Sourcery G++ Lite/arm-none-eabi/lib\libc.a(lib_a-memset.o)
 .bss           0x40017c60        0x0 C:\CodeSourcery\Sourcery G++ Lite/arm-none-eabi/lib\libc.a(lib_a-reallocr.o)
 .bss           0x40017c60        0x0 C:\CodeSourcery\Sourcery G++ Lite/arm-none-eabi/lib\libc.a(lib_a-reent.o)
 .bss           0x40017c60        0x0 C:\CodeSourcery\Sourcery G++ Lite/lib/gcc/arm-none-eabi/4.8.1\libgcc.a(_udivsi3.o)
 .bss           0x40017c60        0x0 C:\CodeSourcery\Sourcery G++ Lite/lib/gcc/arm-none-eabi/4.8.1\libgcc.a(_dvmd_tls.o)
 .bss           0x40017c60        0x0 C:\CodeSourcery\Sourcery G++ Lite/lib/gcc/arm-none-eabi/4.8.1\libgcc.a(_arm_addsubdf3.o)
 .bss           0x40017c60        0x0 C:\CodeSourcery\Sourcery G++ Lite/lib/gcc/arm-none-eabi/4.8.1\libgcc.a(_arm_muldivdf3.o)
 .bss           0x40017c60        0x0 C:\CodeSourcery\Sourcery G++ Lite/lib/gcc/arm-none-eabi/4.8.1\libgcc.a(_arm_cmpdf2.o)
 .bss           0x40017c60        0x0 C:\CodeSourcery\Sourcery G++ Lite/lib/gcc/arm-none-eabi/4.8.1\libgcc.a(_arm_fixdfsi.o)
 .bss           0x40017c60        0x0 C:\CodeSourcery\Sourcery G++ Lite/lib/gcc/arm-none-eabi/4.8.1\libgcc.a(_aeabi_uldivmod.o)
 .bss           0x40017c60        0x0 C:\CodeSourcery\Sourcery G++ Lite/lib/gcc/arm-none-eabi/4.8.1\libgcc.a(bpabi.o)
 .bss           0x40017c60        0x0 C:\CodeSourcery\Sourcery G++ Lite/lib/gcc/arm-none-eabi/4.8.1\libgcc.a(_divdi3.o)
 .bss           0x40017c60        0x0 C:\CodeSourcery\Sourcery G++ Lite/lib/gcc/arm-none-eabi/4.8.1\libgcc.a(_udivdi3.o)
 .bss           0x40017c60        0x0 C:\CodeSourcery\Sourcery G++ Lite/lib/gcc/arm-none-eabi/4.8.1\libgcc.a(_clzsi2.o)
 *(.bss.*)
                0x40017c60                . = ALIGN (0x4)
                0x40017c60                __ZI_LIMIT__ = .
 COMMON         0x40017c60        0x4 C:\CodeSourcery\Sourcery G++ Lite/arm-none-eabi/lib\libc.a(lib_a-reent.o)
                0x40017c60                errno
OUTPUT(dram_0x40000000.elf elf32-littlearm)

.debug_info     0x00000000     0x52d9
 .debug_info    0x00000000      0xad0 Exception.o
 .debug_info    0x00000ad0     0x1625 cp15.o
 .debug_info    0x000020f5      0x390 gic.o
 .debug_info    0x00002485     0x16bc graphics.o
 .debug_info    0x00003b41      0x244 key.o
 .debug_info    0x00003d85       0xd7 led.o
 .debug_info    0x00003e5c      0x3e7 main.o
 .debug_info    0x00004243      0x172 runtime.o
 .debug_info    0x000043b5      0x693 sdhc.o
 .debug_info    0x00004a48      0x19c timer.o
 .debug_info    0x00004be4      0x5e1 uart.o
 .debug_info    0x000051c5       0x61 asm_function.o
 .debug_info    0x00005226       0x5a cp15a.o
 .debug_info    0x00005280       0x59 crt0.o

.debug_abbrev   0x00000000     0x136e
 .debug_abbrev  0x00000000      0x213 Exception.o
 .debug_abbrev  0x00000213      0x2ed cp15.o
 .debug_abbrev  0x00000500       0xc0 gic.o
 .debug_abbrev  0x000005c0      0x37f graphics.o
 .debug_abbrev  0x0000093f      0x112 key.o
 .debug_abbrev  0x00000a51       0x95 led.o
 .debug_abbrev  0x00000ae6      0x151 main.o
 .debug_abbrev  0x00000c37       0xf3 runtime.o
 .debug_abbrev  0x00000d2a      0x279 sdhc.o
 .debug_abbrev  0x00000fa3       0xc4 timer.o
 .debug_abbrev  0x00001067      0x2cb uart.o
 .debug_abbrev  0x00001332       0x14 asm_function.o
 .debug_abbrev  0x00001346       0x14 cp15a.o
 .debug_abbrev  0x0000135a       0x14 crt0.o

.debug_loc      0x00000000     0x5533
 .debug_loc     0x00000000      0x42b Exception.o
 .debug_loc     0x0000042b     0x1c97 cp15.o
 .debug_loc     0x000020c2      0x2fc gic.o
 .debug_loc     0x000023be     0x29da graphics.o
 .debug_loc     0x00004d98       0x5b key.o
 .debug_loc     0x00004df3       0x21 led.o
 .debug_loc     0x00004e14       0xbd main.o
 .debug_loc     0x00004ed1       0x41 runtime.o
 .debug_loc     0x00004f12      0x1cc sdhc.o
 .debug_loc     0x000050de       0x95 timer.o
 .debug_loc     0x00005173      0x3c0 uart.o

.debug_aranges  0x00000000      0x1c0
 .debug_aranges
                0x00000000       0x20 Exception.o
 .debug_aranges
                0x00000020       0x20 cp15.o
 .debug_aranges
                0x00000040       0x20 gic.o
 .debug_aranges
                0x00000060       0x20 graphics.o
 .debug_aranges
                0x00000080       0x20 key.o
 .debug_aranges
                0x000000a0       0x20 led.o
 .debug_aranges
                0x000000c0       0x20 main.o
 .debug_aranges
                0x000000e0       0x20 runtime.o
 .debug_aranges
                0x00000100       0x20 sdhc.o
 .debug_aranges
                0x00000120       0x20 timer.o
 .debug_aranges
                0x00000140       0x20 uart.o
 .debug_aranges
                0x00000160       0x20 asm_function.o
 .debug_aranges
                0x00000180       0x20 cp15a.o
 .debug_aranges
                0x000001a0       0x20 crt0.o

.debug_line     0x00000000     0x169b
 .debug_line    0x00000000      0x11f Exception.o
 .debug_line    0x0000011f      0x289 cp15.o
 .debug_line    0x000003a8       0x75 gic.o
 .debug_line    0x0000041d      0x799 graphics.o
 .debug_line    0x00000bb6       0x7d key.o
 .debug_line    0x00000c33       0x37 led.o
 .debug_line    0x00000c6a       0xac main.o
 .debug_line    0x00000d16       0xa1 runtime.o
 .debug_line    0x00000db7      0x332 sdhc.o
 .debug_line    0x000010e9       0x7e timer.o
 .debug_line    0x00001167      0x288 uart.o
 .debug_line    0x000013ef       0x6e asm_function.o
 .debug_line    0x0000145d      0x189 cp15a.o
 .debug_line    0x000015e6       0xb5 crt0.o

.debug_str      0x00000000      0xe1c
 .debug_str     0x00000000      0x470 Exception.o
                                0x591 (size before relaxing)
 .debug_str     0x00000470      0x363 cp15.o
                                0x457 (size before relaxing)
 .debug_str     0x000007d3      0x157 gic.o
                                0x2f7 (size before relaxing)
 .debug_str     0x0000092a      0x210 graphics.o
                                0x4ba (size before relaxing)
 .debug_str     0x00000b3a       0x36 key.o
                                0x242 (size before relaxing)
 .debug_str     0x00000b70        0xf led.o
                                0x18f (size before relaxing)
 .debug_str     0x00000b7f       0x3e main.o
                                0x31a (size before relaxing)
 .debug_str     0x00000bbd       0x78 runtime.o
                                0x1f2 (size before relaxing)
 .debug_str     0x00000c35      0x11b sdhc.o
                                0x36c (size before relaxing)
 .debug_str     0x00000d50       0x2c timer.o
                                0x1ff (size before relaxing)
 .debug_str     0x00000d7c       0xa0 uart.o
                                0x316 (size before relaxing)

.comment        0x00000000       0x30
 .comment       0x00000000       0x30 Exception.o
                                 0x31 (size before relaxing)
 .comment       0x00000000       0x31 cp15.o
 .comment       0x00000000       0x31 gic.o
 .comment       0x00000000       0x31 graphics.o
 .comment       0x00000000       0x31 key.o
 .comment       0x00000000       0x31 led.o
 .comment       0x00000000       0x31 main.o
 .comment       0x00000000       0x31 runtime.o
 .comment       0x00000000       0x31 sdhc.o
 .comment       0x00000000       0x31 timer.o
 .comment       0x00000000       0x31 uart.o

.ARM.attributes
                0x00000000       0x3d
 .ARM.attributes
                0x00000000       0x3f Exception.o
 .ARM.attributes
                0x0000003f       0x3f cp15.o
 .ARM.attributes
                0x0000007e       0x3f gic.o
 .ARM.attributes
                0x000000bd       0x3f graphics.o
 .ARM.attributes
                0x000000fc       0x3f key.o
 .ARM.attributes
                0x0000013b       0x3f led.o
 .ARM.attributes
                0x0000017a       0x3f main.o
 .ARM.attributes
                0x000001b9       0x3f runtime.o
 .ARM.attributes
                0x000001f8       0x3f sdhc.o
 .ARM.attributes
                0x00000237       0x3f timer.o
 .ARM.attributes
                0x00000276       0x3f uart.o
 .ARM.attributes
                0x000002b5       0x2b asm_function.o
 .ARM.attributes
                0x000002e0       0x2b cp15a.o
 .ARM.attributes
                0x0000030b       0x2b crt0.o
 .ARM.attributes
                0x00000336       0x30 C:\CodeSourcery\Sourcery G++ Lite/arm-none-eabi/lib\libc.a(lib_a-atoi.o)
 .ARM.attributes
                0x00000366       0x30 C:\CodeSourcery\Sourcery G++ Lite/arm-none-eabi/lib\libc.a(lib_a-ctype_.o)
 .ARM.attributes
                0x00000396       0x30 C:\CodeSourcery\Sourcery G++ Lite/arm-none-eabi/lib\libc.a(lib_a-strlen.o)
 .ARM.attributes
                0x000003c6       0x30 C:\CodeSourcery\Sourcery G++ Lite/arm-none-eabi/lib\libc.a(lib_a-strtol.o)
 .ARM.attributes
                0x000003f6       0x30 C:\CodeSourcery\Sourcery G++ Lite/arm-none-eabi/lib\libc.a(lib_a-vsprintf.o)
 .ARM.attributes
                0x00000426       0x30 C:\CodeSourcery\Sourcery G++ Lite/arm-none-eabi/lib\libc.a(lib_a-impure.o)
 .ARM.attributes
                0x00000456       0x30 C:\CodeSourcery\Sourcery G++ Lite/arm-none-eabi/lib\libc.a(lib_a-svfprintf.o)
 .ARM.attributes
                0x00000486       0x30 C:\CodeSourcery\Sourcery G++ Lite/arm-none-eabi/lib\libc.a(lib_a-dtoa.o)
 .ARM.attributes
                0x000004b6       0x30 C:\CodeSourcery\Sourcery G++ Lite/arm-none-eabi/lib\libc.a(lib_a-locale.o)
 .ARM.attributes
                0x000004e6       0x30 C:\CodeSourcery\Sourcery G++ Lite/arm-none-eabi/lib\libc.a(lib_a-mallocr.o)
 .ARM.attributes
                0x00000516       0x30 C:\CodeSourcery\Sourcery G++ Lite/arm-none-eabi/lib\libc.a(lib_a-memchr-stub.o)
 .ARM.attributes
                0x00000546       0x30 C:\CodeSourcery\Sourcery G++ Lite/arm-none-eabi/lib\libc.a(lib_a-memcpy-stub.o)
 .ARM.attributes
                0x00000576       0x30 C:\CodeSourcery\Sourcery G++ Lite/arm-none-eabi/lib\libc.a(lib_a-mlock.o)
 .ARM.attributes
                0x000005a6       0x30 C:\CodeSourcery\Sourcery G++ Lite/arm-none-eabi/lib\libc.a(lib_a-mprec.o)
 .ARM.attributes
                0x000005d6       0x30 C:\CodeSourcery\Sourcery G++ Lite/arm-none-eabi/lib\libc.a(lib_a-s_fpclassify.o)
 .ARM.attributes
                0x00000606       0x30 C:\CodeSourcery\Sourcery G++ Lite/arm-none-eabi/lib\libc.a(lib_a-sbrkr.o)
 .ARM.attributes
                0x00000636       0x16 C:\CodeSourcery\Sourcery G++ Lite/arm-none-eabi/lib\libc.a(lib_a-strcmp.o)
 .ARM.attributes
                0x0000064c       0x30 C:\CodeSourcery\Sourcery G++ Lite/arm-none-eabi/lib\libc.a(lib_a-svfiprintf.o)
 .ARM.attributes
                0x0000067c       0x30 C:\CodeSourcery\Sourcery G++ Lite/arm-none-eabi/lib\libc.a(lib_a-callocr.o)
 .ARM.attributes
                0x000006ac       0x30 C:\CodeSourcery\Sourcery G++ Lite/arm-none-eabi/lib\libc.a(lib_a-freer.o)
 .ARM.attributes
                0x000006dc       0x30 C:\CodeSourcery\Sourcery G++ Lite/arm-none-eabi/lib\libc.a(lib_a-memmove.o)
 .ARM.attributes
                0x0000070c       0x30 C:\CodeSourcery\Sourcery G++ Lite/arm-none-eabi/lib\libc.a(lib_a-memset.o)
 .ARM.attributes
                0x0000073c       0x30 C:\CodeSourcery\Sourcery G++ Lite/arm-none-eabi/lib\libc.a(lib_a-reallocr.o)
 .ARM.attributes
                0x0000076c       0x30 C:\CodeSourcery\Sourcery G++ Lite/arm-none-eabi/lib\libc.a(lib_a-reent.o)
 .ARM.attributes
                0x0000079c       0x18 C:\CodeSourcery\Sourcery G++ Lite/lib/gcc/arm-none-eabi/4.8.1\libgcc.a(_udivsi3.o)
 .ARM.attributes
                0x000007b4       0x18 C:\CodeSourcery\Sourcery G++ Lite/lib/gcc/arm-none-eabi/4.8.1\libgcc.a(_dvmd_tls.o)
 .ARM.attributes
                0x000007cc       0x18 C:\CodeSourcery\Sourcery G++ Lite/lib/gcc/arm-none-eabi/4.8.1\libgcc.a(_arm_addsubdf3.o)
 .ARM.attributes
                0x000007e4       0x18 C:\CodeSourcery\Sourcery G++ Lite/lib/gcc/arm-none-eabi/4.8.1\libgcc.a(_arm_muldivdf3.o)
 .ARM.attributes
                0x000007fc       0x18 C:\CodeSourcery\Sourcery G++ Lite/lib/gcc/arm-none-eabi/4.8.1\libgcc.a(_arm_cmpdf2.o)
 .ARM.attributes
                0x00000814       0x18 C:\CodeSourcery\Sourcery G++ Lite/lib/gcc/arm-none-eabi/4.8.1\libgcc.a(_arm_fixdfsi.o)
 .ARM.attributes
                0x0000082c       0x18 C:\CodeSourcery\Sourcery G++ Lite/lib/gcc/arm-none-eabi/4.8.1\libgcc.a(_aeabi_uldivmod.o)
 .ARM.attributes
                0x00000844       0x30 C:\CodeSourcery\Sourcery G++ Lite/lib/gcc/arm-none-eabi/4.8.1\libgcc.a(bpabi.o)
 .ARM.attributes
                0x00000874       0x30 C:\CodeSourcery\Sourcery G++ Lite/lib/gcc/arm-none-eabi/4.8.1\libgcc.a(_divdi3.o)
 .ARM.attributes
                0x000008a4       0x30 C:\CodeSourcery\Sourcery G++ Lite/lib/gcc/arm-none-eabi/4.8.1\libgcc.a(_udivdi3.o)
 .ARM.attributes
                0x000008d4       0x18 C:\CodeSourcery\Sourcery G++ Lite/lib/gcc/arm-none-eabi/4.8.1\libgcc.a(_clzsi2.o)

.debug_frame    0x00000000     0x15b4
 .debug_frame   0x00000000      0x328 Exception.o
 .debug_frame   0x00000328      0x278 cp15.o
 .debug_frame   0x000005a0       0xd0 gic.o
 .debug_frame   0x00000670      0x2f0 graphics.o
 .debug_frame   0x00000960       0x84 key.o
 .debug_frame   0x000009e4       0x30 led.o
 .debug_frame   0x00000a14       0x58 main.o
 .debug_frame   0x00000a6c       0x74 runtime.o
 .debug_frame   0x00000ae0      0x178 sdhc.o
 .debug_frame   0x00000c58       0x40 timer.o
 .debug_frame   0x00000c98      0x114 uart.o
 .debug_frame   0x00000dac       0x40 C:\CodeSourcery\Sourcery G++ Lite/arm-none-eabi/lib\libc.a(lib_a-atoi.o)
 .debug_frame   0x00000dec       0x20 C:\CodeSourcery\Sourcery G++ Lite/arm-none-eabi/lib\libc.a(lib_a-strlen.o)
 .debug_frame   0x00000e0c       0x50 C:\CodeSourcery\Sourcery G++ Lite/arm-none-eabi/lib\libc.a(lib_a-strtol.o)
 .debug_frame   0x00000e5c       0x44 C:\CodeSourcery\Sourcery G++ Lite/arm-none-eabi/lib\libc.a(lib_a-vsprintf.o)
 .debug_frame   0x00000ea0       0x3c C:\CodeSourcery\Sourcery G++ Lite/arm-none-eabi/lib\libc.a(lib_a-svfprintf.o)
 .debug_frame   0x00000edc       0x64 C:\CodeSourcery\Sourcery G++ Lite/arm-none-eabi/lib\libc.a(lib_a-dtoa.o)
 .debug_frame   0x00000f40       0x98 C:\CodeSourcery\Sourcery G++ Lite/arm-none-eabi/lib\libc.a(lib_a-locale.o)
 .debug_frame   0x00000fd8       0x38 C:\CodeSourcery\Sourcery G++ Lite/arm-none-eabi/lib\libc.a(lib_a-mallocr.o)
 .debug_frame   0x00001010       0x2c C:\CodeSourcery\Sourcery G++ Lite/arm-none-eabi/lib\libc.a(lib_a-memchr-stub.o)
 .debug_frame   0x0000103c       0x2c C:\CodeSourcery\Sourcery G++ Lite/arm-none-eabi/lib\libc.a(lib_a-memcpy-stub.o)
 .debug_frame   0x00001068       0x30 C:\CodeSourcery\Sourcery G++ Lite/arm-none-eabi/lib\libc.a(lib_a-mlock.o)
 .debug_frame   0x00001098      0x20c C:\CodeSourcery\Sourcery G++ Lite/arm-none-eabi/lib\libc.a(lib_a-mprec.o)
 .debug_frame   0x000012a4       0x20 C:\CodeSourcery\Sourcery G++ Lite/arm-none-eabi/lib\libc.a(lib_a-s_fpclassify.o)
 .debug_frame   0x000012c4       0x2c C:\CodeSourcery\Sourcery G++ Lite/arm-none-eabi/lib\libc.a(lib_a-sbrkr.o)
 .debug_frame   0x000012f0       0x64 C:\CodeSourcery\Sourcery G++ Lite/arm-none-eabi/lib\libc.a(lib_a-svfiprintf.o)
 .debug_frame   0x00001354       0x28 C:\CodeSourcery\Sourcery G++ Lite/arm-none-eabi/lib\libc.a(lib_a-callocr.o)
 .debug_frame   0x0000137c       0x50 C:\CodeSourcery\Sourcery G++ Lite/arm-none-eabi/lib\libc.a(lib_a-freer.o)
 .debug_frame   0x000013cc       0x2c C:\CodeSourcery\Sourcery G++ Lite/arm-none-eabi/lib\libc.a(lib_a-memmove.o)
 .debug_frame   0x000013f8       0x2c C:\CodeSourcery\Sourcery G++ Lite/arm-none-eabi/lib\libc.a(lib_a-memset.o)
 .debug_frame   0x00001424       0x38 C:\CodeSourcery\Sourcery G++ Lite/arm-none-eabi/lib\libc.a(lib_a-reallocr.o)
 .debug_frame   0x0000145c       0x48 C:\CodeSourcery\Sourcery G++ Lite/arm-none-eabi/lib\libc.a(lib_a-reent.o)
 .debug_frame   0x000014a4       0x20 C:\CodeSourcery\Sourcery G++ Lite/lib/gcc/arm-none-eabi/4.8.1\libgcc.a(_udivsi3.o)
 .debug_frame   0x000014c4       0x28 C:\CodeSourcery\Sourcery G++ Lite/lib/gcc/arm-none-eabi/4.8.1\libgcc.a(_aeabi_uldivmod.o)
 .debug_frame   0x000014ec       0x58 C:\CodeSourcery\Sourcery G++ Lite/lib/gcc/arm-none-eabi/4.8.1\libgcc.a(bpabi.o)
 .debug_frame   0x00001544       0x38 C:\CodeSourcery\Sourcery G++ Lite/lib/gcc/arm-none-eabi/4.8.1\libgcc.a(_divdi3.o)
 .debug_frame   0x0000157c       0x38 C:\CodeSourcery\Sourcery G++ Lite/lib/gcc/arm-none-eabi/4.8.1\libgcc.a(_udivdi3.o)

.debug_ranges   0x00000000      0xdc0
 .debug_ranges  0x00000000      0x758 cp15.o
 .debug_ranges  0x00000758      0x3b8 graphics.o
 .debug_ranges  0x00000b10      0x1d0 sdhc.o
 .debug_ranges  0x00000ce0       0xe0 uart.o

Cross Reference Table

Symbol                                            File
App_Read                                          main.o
ArrFbSel                                          graphics.o
ArrWinInfo                                        graphics.o
                                                  main.o
CoCleanAndInvalidateDCacheIndex                   cp15a.o
                                                  cp15.o
CoCleanAndInvalidateDCacheVA                      cp15a.o
CoCleanDCacheIndex                                cp15a.o
CoCleanDCacheVA                                   cp15a.o
CoClrIF                                           cp15a.o
CoCopyFromL2Cache                                 cp15a.o
CoCopyToL2Cache                                   cp15a.o
CoDataSyncBarrier                                 cp15a.o
CoDisableAlignFault                               cp15a.o
CoDisableBranchPrediction                         cp15a.o
                                                  cp15.o
CoDisableDCache                                   cp15a.o
                                                  cp15.o
CoDisableFiq                                      cp15a.o
CoDisableICache                                   cp15a.o
                                                  cp15.o
CoDisableIrq                                      cp15a.o
CoDisableL2PrefetchHint                           cp15a.o
                                                  cp15.o
CoDisableMmu                                      cp15a.o
                                                  cp15.o
CoDisableUnalignedAccess                          cp15a.o
CoDisableVectoredInt                              cp15a.o
CoEnableAlignFault                                cp15a.o
CoEnableBranchPrediction                          cp15a.o
                                                  cp15.o
CoEnableDCache                                    cp15a.o
                                                  cp15.o
CoEnableFiq                                       cp15a.o
CoEnableICache                                    cp15a.o
                                                  cp15.o
CoEnableIrq                                       cp15a.o
CoEnableL2PrefetchHint                            cp15a.o
                                                  cp15.o
CoEnableMmu                                       cp15a.o
                                                  cp15.o
CoEnableNeon                                      cp15a.o
CoEnableUnalignedAccess                           cp15a.o
CoEnableVectoredInt                               cp15a.o
CoEnableVfp                                       cp15a.o
CoGetCacheSizeID                                  cp15a.o
CoGetNormalMemRemapReg                            cp15a.o
CoGetOSReadPA                                     cp15a.o
                                                  cp15.o
CoGetOSWritePA                                    cp15a.o
                                                  cp15.o
CoGetPAfromVA                                     cp15.o
CoGetPAreg                                        cp15a.o
CoGetUserReadPA                                   cp15a.o
                                                  cp15.o
CoGetUserWritePA                                  cp15a.o
                                                  cp15.o
CoInitMmuAndL1L2Cache                             cp15.o
                                                  main.o
CoInvalidateBothCaches                            cp15a.o
CoInvalidateDCache                                cp15a.o
CoInvalidateDCacheForV7                           cp15a.o
CoInvalidateDCacheIndex                           cp15a.o
                                                  cp15.o
CoInvalidateDCacheVA                              cp15a.o
CoInvalidateDTlb                                  cp15a.o
CoInvalidateDTlbASID                              cp15a.o
CoInvalidateDTlbVA                                cp15a.o
CoInvalidateICache                                cp15a.o
                                                  cp15.o
CoInvalidateITlb                                  cp15a.o
CoInvalidateITlbASID                              cp15a.o
CoInvalidateITlbVA                                cp15a.o
CoInvalidateMainTlb                               cp15a.o
                                                  cp15.o
CoInvalidateMainTlbASID                           cp15a.o
CoInvalidateMainTlbVA                             cp15a.o
CoLockL2Cache                                     cp15a.o
CoNonSecureAccCtrl                                cp15a.o
CoPrefetchICacheLineVA                            cp15a.o
CoReadCCSIDR                                      cp15a.o
CoReadCLIDR                                       cp15a.o
CoReadCSSELR                                      cp15a.o
CoReadCTR                                         cp15a.o
CoSelTTBReg0                                      cp15a.o
CoSetASID                                         cp15a.o
CoSetAsyncBusMode                                 cp15a.o
CoSetDCacheLockdownBase                           cp15a.o
CoSetDTlbLockdown                                 cp15a.o
CoSetDomain                                       cp15a.o
                                                  cp15.o
CoSetExceptonVectoerBase                          cp15a.o
CoSetFastBusMode                                  cp15a.o
CoSetICacheLockdownBase                           cp15a.o
CoSetIF                                           cp15a.o
CoSetITlbLockdown                                 cp15a.o
CoSetL2CacheAuxCrtlReg                            cp15a.o
CoSetL2CacheLines                                 cp15a.o
CoSetMpll                                         cp15a.o
CoSetProcessId                                    cp15a.o
CoSetTTBase                                       cp15a.o
                                                  cp15.o
CoStartMmuAndDCache                               cp15.o
CoStartMmuAndL1L2Cache                            cp15.o
CoStopMmuAndL1L2Cache                             cp15.o
CoStopPLE                                         cp15a.o
CoUnLockL2Cache                                   cp15a.o
CoWaitForInterrupt                                cp15a.o
CoWrIF                                            cp15a.o
DABT_Falut_Address                                asm_function.o
                                                  Exception.o
DABT_Falut_Status                                 asm_function.o
                                                  Exception.o
Dabort_Handler                                    Exception.o
                                                  crt0.o
Delay                                             runtime.o
                                                  main.o
Display_frame                                     graphics.o
GIC_CPU_Interface_Enable                          gic.o
                                                  main.o
GIC_Clear_Pending_Clear                           gic.o
                                                  uart.o
                                                  sdhc.o
                                                  Exception.o
GIC_Distributor_Enable                            gic.o
                                                  main.o
GIC_Generate_SGI                                  gic.o
GIC_Interrupt_Disable                             gic.o
                                                  uart.o
                                                  timer.o
                                                  sdhc.o
                                                  key.o
GIC_Interrupt_Enable                              gic.o
                                                  uart.o
                                                  timer.o
                                                  sdhc.o
                                                  key.o
GIC_Read_INTACK                                   gic.o
GIC_Set_Interrupt_Priority                        gic.o
                                                  uart.o
                                                  timer.o
                                                  sdhc.o
                                                  key.o
GIC_Set_Priority_Mask                             gic.o
                                                  main.o
GIC_Set_Processor_Target                          gic.o
                                                  uart.o
                                                  timer.o
                                                  sdhc.o
                                                  key.o
GIC_Write_EOI                                     gic.o
                                                  Exception.o
Get_Heap_Base                                     runtime.o
Get_Heap_Limit                                    runtime.o
Get_SP                                            asm_function.o
Get_Stack_Base                                    runtime.o
Get_Stack_Limit                                   runtime.o
Get_User_SP                                       asm_function.o
Get_User_Stack_Base                               asm_function.o
Get_User_Stack_Limit                              asm_function.o
HanTable                                          graphics.o
ICCEOIR                                           gic.o
ICCIAR                                            gic.o
ICCICR                                            gic.o
ICCPMR                                            gic.o
ICDICER0                                          gic.o
ICDICERn                                          gic.o
ICDICPR0                                          gic.o
ICDIPR0                                           gic.o
ICDIPTR0                                          gic.o
ICDISER0                                          gic.o
ICDISERn                                          gic.o
ISR_Vector                                        Exception.o
                                                  crt0.o
Invalid_ISR                                       Exception.o
Key3_ISR                                          Exception.o
Key4_ISR                                          Exception.o
Key_Get_Key_Pressed                               key.o
Key_ISR_Enable                                    key.o
Key_ISR_Init                                      key.o
Key_Poll_Init                                     key.o
                                                  main.o
                                                  Exception.o
Key_Wait_Key_Pressed                              key.o
                                                  Exception.o
Key_Wait_Key_Released                             key.o
                                                  Exception.o
L2C_CleanAndInvalidate_All                        cp15.o
L2C_CleanAndInvalidate_PA                         cp15.o
L2C_CleanAndInvalidate_SetWay                     cp15.o
L2C_CleanAndInvalidate_VA                         cp15.o
L2C_CleanAndInvalidate_Way                        cp15.o
L2C_Clean_All                                     cp15.o
L2C_Clean_PA                                      cp15.o
L2C_Clean_SetWay                                  cp15.o
L2C_Clean_VA                                      cp15.o
L2C_Clean_Way                                     cp15.o
L2C_Disable                                       cp15.o
L2C_Enable                                        cp15.o
L2C_Invalidate_All                                cp15.o
L2C_Invalidate_PA                                 cp15.o
L2C_Invalidate_VA                                 cp15.o
L2C_Invalidate_Way                                cp15.o
LCD_Clock_Init                                    graphics.o
LED_Display                                       led.o
                                                  Exception.o
LED_Init                                          led.o
                                                  main.o
Lcd_Brightness_Control                            graphics.o
                                                  main.o
                                                  Exception.o
Lcd_Clr_Screen                                    graphics.o
                                                  Exception.o
Lcd_Draw_BMP                                      graphics.o
                                                  Exception.o
Lcd_Draw_BMP_File_24bpp                           graphics.o
Lcd_Draw_Back_Color                               graphics.o
                                                  main.o
Lcd_Draw_Bar                                      graphics.o
Lcd_Draw_Image                                    graphics.o
Lcd_Draw_Line                                     graphics.o
Lcd_Draw_STACK                                    graphics.o
Lcd_Eng_Putch                                     graphics.o
Lcd_Get_Info_BMP                                  graphics.o
Lcd_Get_Pixel                                     graphics.o
Lcd_Get_Pixel_Address                             graphics.o
Lcd_Han_Putch                                     graphics.o
Lcd_Init                                          graphics.o
                                                  main.o
                                                  Exception.o
Lcd_Printf                                        graphics.o
Lcd_Put_Pixel                                     graphics.o
Lcd_Puts                                          graphics.o
Lcd_Select_Display_Frame_Buffer                   graphics.o
                                                  main.o
                                                  Exception.o
Lcd_Select_Draw_Frame_Buffer                      graphics.o
                                                  main.o
                                                  Exception.o
Lcd_Win_Init                                      graphics.o
                                                  main.o
Lcd_Win_Init_arr                                  graphics.o
                                                  Exception.o
Main                                              main.o
                                                  crt0.o
Main_ID                                           asm_function.o
PABT_Falut_Address                                asm_function.o
                                                  Exception.o
PABT_Falut_Status                                 asm_function.o
                                                  Exception.o
Pabort_Handler                                    Exception.o
                                                  crt0.o
Run_App                                           asm_function.o
                                                  main.o
SDHC_ACMD41                                       sdhc.o
SDHC_ACMD6_4bit                                   sdhc.o
SDHC_BusPower_Control                             sdhc.o
SDHC_CMD0                                         sdhc.o
SDHC_CMD2                                         sdhc.o
SDHC_CMD3                                         sdhc.o
SDHC_CMD55                                        sdhc.o
SDHC_CMD7                                         sdhc.o
SDHC_CMD8                                         sdhc.o
SDHC_Card_Init                                    sdhc.o
SDHC_Change_Dat_Width_4bit                        sdhc.o
SDHC_Clock_Stop                                   sdhc.o
SDHC_Clock_Supply                                 sdhc.o
SDHC_ISR                                          Exception.o
SDHC_ISR_Enable                                   sdhc.o
SDHC_Init                                         sdhc.o
SDHC_Port_Init                                    sdhc.o
SD_Read_Sector                                    sdhc.o
                                                  main.o
SD_Write_Sector                                   sdhc.o
SVC_Handler                                       Exception.o
                                                  crt0.o
Selected_frame                                    graphics.o
Selected_win                                      graphics.o
SetTransTable                                     cp15.o
TLB_Type                                          asm_function.o
Timer0_Delay                                      timer.o
Timer0_ISR                                        Exception.o
Timer0_Int_Delay                                  timer.o
Uart1_GetIntNum                                   uart.o
                                                  Exception.o
Uart1_GetString                                   uart.o
Uart1_Get_Char                                    uart.o
                                                  Exception.o
Uart1_Get_Pressed                                 uart.o
                                                  Exception.o
Uart1_ISR                                         Exception.o
Uart1_ISR_Enable                                  uart.o
Uart1_Init                                        uart.o
                                                  main.o
Uart1_Printf                                      uart.o
                                                  main.o
                                                  graphics.o
                                                  Exception.o
Uart1_Send_Byte                                   uart.o
Uart1_Send_String                                 uart.o
Undef_Handler                                     Exception.o
                                                  crt0.o
_Balloc                                           C:\CodeSourcery\Sourcery G++ Lite/arm-none-eabi/lib\libc.a(lib_a-mprec.o)
                                                  C:\CodeSourcery\Sourcery G++ Lite/arm-none-eabi/lib\libc.a(lib_a-dtoa.o)
_Bfree                                            C:\CodeSourcery\Sourcery G++ Lite/arm-none-eabi/lib\libc.a(lib_a-mprec.o)
                                                  C:\CodeSourcery\Sourcery G++ Lite/arm-none-eabi/lib\libc.a(lib_a-dtoa.o)
_PathLocale                                       C:\CodeSourcery\Sourcery G++ Lite/arm-none-eabi/lib\libc.a(lib_a-locale.o)
_SVC_Key_Poll_Init                                Exception.o
_SVC_Key_Wait_Key_Pressed                         Exception.o
_SVC_Key_Wait_Key_Released                        Exception.o
_SVC_Lcd_Brightness_Control                       Exception.o
_SVC_Lcd_Clr_Screen                               Exception.o
_SVC_Lcd_Draw_BMP                                 Exception.o
_SVC_Lcd_Init                                     Exception.o
_SVC_Lcd_Select_Display_Frame_Buffer              Exception.o
_SVC_Lcd_Select_Draw_Frame_Buffer                 Exception.o
_SVC_Lcd_Win_Init                                 Exception.o
_SVC_Uart1_GetIntNum                              Exception.o
_SVC_Uart1_Get_Char                               Exception.o
_SVC_Uart1_Get_Pressed                            Exception.o
_SVC_Uart_Printf                                  Exception.o
__ZI_BASE__                                       crt0.o
__ZI_LIMIT__                                      crt0.o
                                                  runtime.o
__adddf3                                          C:\CodeSourcery\Sourcery G++ Lite/lib/gcc/arm-none-eabi/4.8.1\libgcc.a(_arm_addsubdf3.o)
__aeabi_cdcmpeq                                   C:\CodeSourcery\Sourcery G++ Lite/lib/gcc/arm-none-eabi/4.8.1\libgcc.a(_arm_cmpdf2.o)
__aeabi_cdcmple                                   C:\CodeSourcery\Sourcery G++ Lite/lib/gcc/arm-none-eabi/4.8.1\libgcc.a(_arm_cmpdf2.o)
__aeabi_cdrcmple                                  C:\CodeSourcery\Sourcery G++ Lite/lib/gcc/arm-none-eabi/4.8.1\libgcc.a(_arm_cmpdf2.o)
__aeabi_d2iz                                      C:\CodeSourcery\Sourcery G++ Lite/lib/gcc/arm-none-eabi/4.8.1\libgcc.a(_arm_fixdfsi.o)
                                                  C:\CodeSourcery\Sourcery G++ Lite/arm-none-eabi/lib\libc.a(lib_a-dtoa.o)
__aeabi_dadd                                      C:\CodeSourcery\Sourcery G++ Lite/lib/gcc/arm-none-eabi/4.8.1\libgcc.a(_arm_addsubdf3.o)
                                                  C:\CodeSourcery\Sourcery G++ Lite/arm-none-eabi/lib\libc.a(lib_a-dtoa.o)
__aeabi_dcmpeq                                    C:\CodeSourcery\Sourcery G++ Lite/lib/gcc/arm-none-eabi/4.8.1\libgcc.a(_arm_cmpdf2.o)
                                                  C:\CodeSourcery\Sourcery G++ Lite/arm-none-eabi/lib\libc.a(lib_a-dtoa.o)
                                                  C:\CodeSourcery\Sourcery G++ Lite/arm-none-eabi/lib\libc.a(lib_a-svfprintf.o)
__aeabi_dcmpge                                    C:\CodeSourcery\Sourcery G++ Lite/lib/gcc/arm-none-eabi/4.8.1\libgcc.a(_arm_cmpdf2.o)
                                                  C:\CodeSourcery\Sourcery G++ Lite/arm-none-eabi/lib\libc.a(lib_a-dtoa.o)
__aeabi_dcmpgt                                    C:\CodeSourcery\Sourcery G++ Lite/lib/gcc/arm-none-eabi/4.8.1\libgcc.a(_arm_cmpdf2.o)
                                                  C:\CodeSourcery\Sourcery G++ Lite/arm-none-eabi/lib\libc.a(lib_a-dtoa.o)
__aeabi_dcmple                                    C:\CodeSourcery\Sourcery G++ Lite/lib/gcc/arm-none-eabi/4.8.1\libgcc.a(_arm_cmpdf2.o)
__aeabi_dcmplt                                    C:\CodeSourcery\Sourcery G++ Lite/lib/gcc/arm-none-eabi/4.8.1\libgcc.a(_arm_cmpdf2.o)
                                                  C:\CodeSourcery\Sourcery G++ Lite/arm-none-eabi/lib\libc.a(lib_a-dtoa.o)
                                                  C:\CodeSourcery\Sourcery G++ Lite/arm-none-eabi/lib\libc.a(lib_a-svfprintf.o)
__aeabi_ddiv                                      C:\CodeSourcery\Sourcery G++ Lite/lib/gcc/arm-none-eabi/4.8.1\libgcc.a(_arm_muldivdf3.o)
                                                  C:\CodeSourcery\Sourcery G++ Lite/arm-none-eabi/lib\libc.a(lib_a-mprec.o)
                                                  C:\CodeSourcery\Sourcery G++ Lite/arm-none-eabi/lib\libc.a(lib_a-dtoa.o)
__aeabi_dmul                                      C:\CodeSourcery\Sourcery G++ Lite/lib/gcc/arm-none-eabi/4.8.1\libgcc.a(_arm_muldivdf3.o)
                                                  C:\CodeSourcery\Sourcery G++ Lite/arm-none-eabi/lib\libc.a(lib_a-mprec.o)
                                                  C:\CodeSourcery\Sourcery G++ Lite/arm-none-eabi/lib\libc.a(lib_a-dtoa.o)
__aeabi_drsub                                     C:\CodeSourcery\Sourcery G++ Lite/lib/gcc/arm-none-eabi/4.8.1\libgcc.a(_arm_addsubdf3.o)
__aeabi_dsub                                      C:\CodeSourcery\Sourcery G++ Lite/lib/gcc/arm-none-eabi/4.8.1\libgcc.a(_arm_addsubdf3.o)
                                                  C:\CodeSourcery\Sourcery G++ Lite/arm-none-eabi/lib\libc.a(lib_a-dtoa.o)
__aeabi_f2d                                       C:\CodeSourcery\Sourcery G++ Lite/lib/gcc/arm-none-eabi/4.8.1\libgcc.a(_arm_addsubdf3.o)
__aeabi_i2d                                       C:\CodeSourcery\Sourcery G++ Lite/lib/gcc/arm-none-eabi/4.8.1\libgcc.a(_arm_addsubdf3.o)
                                                  C:\CodeSourcery\Sourcery G++ Lite/arm-none-eabi/lib\libc.a(lib_a-dtoa.o)
__aeabi_idiv0                                     C:\CodeSourcery\Sourcery G++ Lite/lib/gcc/arm-none-eabi/4.8.1\libgcc.a(_dvmd_tls.o)
                                                  C:\CodeSourcery\Sourcery G++ Lite/lib/gcc/arm-none-eabi/4.8.1\libgcc.a(_udivsi3.o)
__aeabi_l2d                                       C:\CodeSourcery\Sourcery G++ Lite/lib/gcc/arm-none-eabi/4.8.1\libgcc.a(_arm_addsubdf3.o)
__aeabi_ldiv0                                     C:\CodeSourcery\Sourcery G++ Lite/lib/gcc/arm-none-eabi/4.8.1\libgcc.a(_dvmd_tls.o)
                                                  C:\CodeSourcery\Sourcery G++ Lite/lib/gcc/arm-none-eabi/4.8.1\libgcc.a(_aeabi_uldivmod.o)
__aeabi_ui2d                                      C:\CodeSourcery\Sourcery G++ Lite/lib/gcc/arm-none-eabi/4.8.1\libgcc.a(_arm_addsubdf3.o)
                                                  C:\CodeSourcery\Sourcery G++ Lite/arm-none-eabi/lib\libc.a(lib_a-dtoa.o)
__aeabi_uidiv                                     C:\CodeSourcery\Sourcery G++ Lite/lib/gcc/arm-none-eabi/4.8.1\libgcc.a(_udivsi3.o)
                                                  C:\CodeSourcery\Sourcery G++ Lite/lib/gcc/arm-none-eabi/4.8.1\libgcc.a(_udivdi3.o)
                                                  C:\CodeSourcery\Sourcery G++ Lite/lib/gcc/arm-none-eabi/4.8.1\libgcc.a(_divdi3.o)
                                                  C:\CodeSourcery\Sourcery G++ Lite/arm-none-eabi/lib\libc.a(lib_a-dtoa.o)
                                                  C:\CodeSourcery\Sourcery G++ Lite/arm-none-eabi/lib\libc.a(lib_a-strtol.o)
__aeabi_uidivmod                                  C:\CodeSourcery\Sourcery G++ Lite/lib/gcc/arm-none-eabi/4.8.1\libgcc.a(_udivsi3.o)
                                                  C:\CodeSourcery\Sourcery G++ Lite/lib/gcc/arm-none-eabi/4.8.1\libgcc.a(_udivdi3.o)
                                                  C:\CodeSourcery\Sourcery G++ Lite/lib/gcc/arm-none-eabi/4.8.1\libgcc.a(_divdi3.o)
                                                  C:\CodeSourcery\Sourcery G++ Lite/arm-none-eabi/lib\libc.a(lib_a-strtol.o)
__aeabi_ul2d                                      C:\CodeSourcery\Sourcery G++ Lite/lib/gcc/arm-none-eabi/4.8.1\libgcc.a(_arm_addsubdf3.o)
__aeabi_uldivmod                                  C:\CodeSourcery\Sourcery G++ Lite/lib/gcc/arm-none-eabi/4.8.1\libgcc.a(_aeabi_uldivmod.o)
                                                  C:\CodeSourcery\Sourcery G++ Lite/arm-none-eabi/lib\libc.a(lib_a-svfiprintf.o)
                                                  C:\CodeSourcery\Sourcery G++ Lite/arm-none-eabi/lib\libc.a(lib_a-svfprintf.o)
__any_on                                          C:\CodeSourcery\Sourcery G++ Lite/arm-none-eabi/lib\libc.a(lib_a-mprec.o)
__b2d                                             C:\CodeSourcery\Sourcery G++ Lite/arm-none-eabi/lib\libc.a(lib_a-mprec.o)
__clzsi2                                          C:\CodeSourcery\Sourcery G++ Lite/lib/gcc/arm-none-eabi/4.8.1\libgcc.a(_clzsi2.o)
                                                  C:\CodeSourcery\Sourcery G++ Lite/lib/gcc/arm-none-eabi/4.8.1\libgcc.a(_udivdi3.o)
                                                  C:\CodeSourcery\Sourcery G++ Lite/lib/gcc/arm-none-eabi/4.8.1\libgcc.a(_divdi3.o)
__cmpdf2                                          C:\CodeSourcery\Sourcery G++ Lite/lib/gcc/arm-none-eabi/4.8.1\libgcc.a(_arm_cmpdf2.o)
__copybits                                        C:\CodeSourcery\Sourcery G++ Lite/arm-none-eabi/lib\libc.a(lib_a-mprec.o)
__ctype_ptr__                                     C:\CodeSourcery\Sourcery G++ Lite/arm-none-eabi/lib\libc.a(lib_a-ctype_.o)
                                                  C:\CodeSourcery\Sourcery G++ Lite/arm-none-eabi/lib\libc.a(lib_a-strtol.o)
                                                  uart.o
__d2b                                             C:\CodeSourcery\Sourcery G++ Lite/arm-none-eabi/lib\libc.a(lib_a-mprec.o)
                                                  C:\CodeSourcery\Sourcery G++ Lite/arm-none-eabi/lib\libc.a(lib_a-dtoa.o)
__divdf3                                          C:\CodeSourcery\Sourcery G++ Lite/lib/gcc/arm-none-eabi/4.8.1\libgcc.a(_arm_muldivdf3.o)
__divdi3                                          C:\CodeSourcery\Sourcery G++ Lite/lib/gcc/arm-none-eabi/4.8.1\libgcc.a(_divdi3.o)
                                                  C:\CodeSourcery\Sourcery G++ Lite/lib/gcc/arm-none-eabi/4.8.1\libgcc.a(bpabi.o)
__eqdf2                                           C:\CodeSourcery\Sourcery G++ Lite/lib/gcc/arm-none-eabi/4.8.1\libgcc.a(_arm_cmpdf2.o)
__extendsfdf2                                     C:\CodeSourcery\Sourcery G++ Lite/lib/gcc/arm-none-eabi/4.8.1\libgcc.a(_arm_addsubdf3.o)
__fixdfsi                                         C:\CodeSourcery\Sourcery G++ Lite/lib/gcc/arm-none-eabi/4.8.1\libgcc.a(_arm_fixdfsi.o)
__floatdidf                                       C:\CodeSourcery\Sourcery G++ Lite/lib/gcc/arm-none-eabi/4.8.1\libgcc.a(_arm_addsubdf3.o)
__floatsidf                                       C:\CodeSourcery\Sourcery G++ Lite/lib/gcc/arm-none-eabi/4.8.1\libgcc.a(_arm_addsubdf3.o)
__floatundidf                                     C:\CodeSourcery\Sourcery G++ Lite/lib/gcc/arm-none-eabi/4.8.1\libgcc.a(_arm_addsubdf3.o)
__floatunsidf                                     C:\CodeSourcery\Sourcery G++ Lite/lib/gcc/arm-none-eabi/4.8.1\libgcc.a(_arm_addsubdf3.o)
__fpclassifyd                                     C:\CodeSourcery\Sourcery G++ Lite/arm-none-eabi/lib\libc.a(lib_a-s_fpclassify.o)
                                                  C:\CodeSourcery\Sourcery G++ Lite/arm-none-eabi/lib\libc.a(lib_a-svfprintf.o)
__gedf2                                           C:\CodeSourcery\Sourcery G++ Lite/lib/gcc/arm-none-eabi/4.8.1\libgcc.a(_arm_cmpdf2.o)
__gnu_ldivmod_helper                              C:\CodeSourcery\Sourcery G++ Lite/lib/gcc/arm-none-eabi/4.8.1\libgcc.a(bpabi.o)
__gnu_uldivmod_helper                             C:\CodeSourcery\Sourcery G++ Lite/lib/gcc/arm-none-eabi/4.8.1\libgcc.a(bpabi.o)
                                                  C:\CodeSourcery\Sourcery G++ Lite/lib/gcc/arm-none-eabi/4.8.1\libgcc.a(_aeabi_uldivmod.o)
__gtdf2                                           C:\CodeSourcery\Sourcery G++ Lite/lib/gcc/arm-none-eabi/4.8.1\libgcc.a(_arm_cmpdf2.o)
__hi0bits                                         C:\CodeSourcery\Sourcery G++ Lite/arm-none-eabi/lib\libc.a(lib_a-mprec.o)
                                                  C:\CodeSourcery\Sourcery G++ Lite/arm-none-eabi/lib\libc.a(lib_a-dtoa.o)
__i2b                                             C:\CodeSourcery\Sourcery G++ Lite/arm-none-eabi/lib\libc.a(lib_a-mprec.o)
                                                  C:\CodeSourcery\Sourcery G++ Lite/arm-none-eabi/lib\libc.a(lib_a-dtoa.o)
__ledf2                                           C:\CodeSourcery\Sourcery G++ Lite/lib/gcc/arm-none-eabi/4.8.1\libgcc.a(_arm_cmpdf2.o)
__lo0bits                                         C:\CodeSourcery\Sourcery G++ Lite/arm-none-eabi/lib\libc.a(lib_a-mprec.o)
__locale_charset                                  C:\CodeSourcery\Sourcery G++ Lite/arm-none-eabi/lib\libc.a(lib_a-locale.o)
__locale_cjk_lang                                 C:\CodeSourcery\Sourcery G++ Lite/arm-none-eabi/lib\libc.a(lib_a-locale.o)
__locale_mb_cur_max                               C:\CodeSourcery\Sourcery G++ Lite/arm-none-eabi/lib\libc.a(lib_a-locale.o)
__locale_msgcharset                               C:\CodeSourcery\Sourcery G++ Lite/arm-none-eabi/lib\libc.a(lib_a-locale.o)
__lshift                                          C:\CodeSourcery\Sourcery G++ Lite/arm-none-eabi/lib\libc.a(lib_a-mprec.o)
                                                  C:\CodeSourcery\Sourcery G++ Lite/arm-none-eabi/lib\libc.a(lib_a-dtoa.o)
__ltdf2                                           C:\CodeSourcery\Sourcery G++ Lite/lib/gcc/arm-none-eabi/4.8.1\libgcc.a(_arm_cmpdf2.o)
__malloc_av_                                      C:\CodeSourcery\Sourcery G++ Lite/arm-none-eabi/lib\libc.a(lib_a-mallocr.o)
                                                  C:\CodeSourcery\Sourcery G++ Lite/arm-none-eabi/lib\libc.a(lib_a-reallocr.o)
                                                  C:\CodeSourcery\Sourcery G++ Lite/arm-none-eabi/lib\libc.a(lib_a-freer.o)
__malloc_current_mallinfo                         C:\CodeSourcery\Sourcery G++ Lite/arm-none-eabi/lib\libc.a(lib_a-mallocr.o)
                                                  C:\CodeSourcery\Sourcery G++ Lite/arm-none-eabi/lib\libc.a(lib_a-freer.o)
__malloc_lock                                     C:\CodeSourcery\Sourcery G++ Lite/arm-none-eabi/lib\libc.a(lib_a-mlock.o)
                                                  C:\CodeSourcery\Sourcery G++ Lite/arm-none-eabi/lib\libc.a(lib_a-reallocr.o)
                                                  C:\CodeSourcery\Sourcery G++ Lite/arm-none-eabi/lib\libc.a(lib_a-freer.o)
                                                  C:\CodeSourcery\Sourcery G++ Lite/arm-none-eabi/lib\libc.a(lib_a-mallocr.o)
__malloc_max_sbrked_mem                           C:\CodeSourcery\Sourcery G++ Lite/arm-none-eabi/lib\libc.a(lib_a-mallocr.o)
__malloc_max_total_mem                            C:\CodeSourcery\Sourcery G++ Lite/arm-none-eabi/lib\libc.a(lib_a-mallocr.o)
__malloc_sbrk_base                                C:\CodeSourcery\Sourcery G++ Lite/arm-none-eabi/lib\libc.a(lib_a-mallocr.o)
                                                  C:\CodeSourcery\Sourcery G++ Lite/arm-none-eabi/lib\libc.a(lib_a-freer.o)
__malloc_top_pad                                  C:\CodeSourcery\Sourcery G++ Lite/arm-none-eabi/lib\libc.a(lib_a-mallocr.o)
                                                  C:\CodeSourcery\Sourcery G++ Lite/arm-none-eabi/lib\libc.a(lib_a-freer.o)
__malloc_trim_threshold                           C:\CodeSourcery\Sourcery G++ Lite/arm-none-eabi/lib\libc.a(lib_a-mallocr.o)
                                                  C:\CodeSourcery\Sourcery G++ Lite/arm-none-eabi/lib\libc.a(lib_a-freer.o)
__malloc_unlock                                   C:\CodeSourcery\Sourcery G++ Lite/arm-none-eabi/lib\libc.a(lib_a-mlock.o)
                                                  C:\CodeSourcery\Sourcery G++ Lite/arm-none-eabi/lib\libc.a(lib_a-reallocr.o)
                                                  C:\CodeSourcery\Sourcery G++ Lite/arm-none-eabi/lib\libc.a(lib_a-freer.o)
                                                  C:\CodeSourcery\Sourcery G++ Lite/arm-none-eabi/lib\libc.a(lib_a-mallocr.o)
__mb_cur_max                                      C:\CodeSourcery\Sourcery G++ Lite/arm-none-eabi/lib\libc.a(lib_a-locale.o)
__mcmp                                            C:\CodeSourcery\Sourcery G++ Lite/arm-none-eabi/lib\libc.a(lib_a-mprec.o)
                                                  C:\CodeSourcery\Sourcery G++ Lite/arm-none-eabi/lib\libc.a(lib_a-dtoa.o)
__mdiff                                           C:\CodeSourcery\Sourcery G++ Lite/arm-none-eabi/lib\libc.a(lib_a-mprec.o)
                                                  C:\CodeSourcery\Sourcery G++ Lite/arm-none-eabi/lib\libc.a(lib_a-dtoa.o)
__mlocale_changed                                 C:\CodeSourcery\Sourcery G++ Lite/arm-none-eabi/lib\libc.a(lib_a-locale.o)
__mprec_bigtens                                   C:\CodeSourcery\Sourcery G++ Lite/arm-none-eabi/lib\libc.a(lib_a-mprec.o)
                                                  C:\CodeSourcery\Sourcery G++ Lite/arm-none-eabi/lib\libc.a(lib_a-dtoa.o)
__mprec_tens                                      C:\CodeSourcery\Sourcery G++ Lite/arm-none-eabi/lib\libc.a(lib_a-mprec.o)
                                                  C:\CodeSourcery\Sourcery G++ Lite/arm-none-eabi/lib\libc.a(lib_a-dtoa.o)
__mprec_tinytens                                  C:\CodeSourcery\Sourcery G++ Lite/arm-none-eabi/lib\libc.a(lib_a-mprec.o)
__muldf3                                          C:\CodeSourcery\Sourcery G++ Lite/lib/gcc/arm-none-eabi/4.8.1\libgcc.a(_arm_muldivdf3.o)
__multadd                                         C:\CodeSourcery\Sourcery G++ Lite/arm-none-eabi/lib\libc.a(lib_a-mprec.o)
                                                  C:\CodeSourcery\Sourcery G++ Lite/arm-none-eabi/lib\libc.a(lib_a-dtoa.o)
__multiply                                        C:\CodeSourcery\Sourcery G++ Lite/arm-none-eabi/lib\libc.a(lib_a-mprec.o)
                                                  C:\CodeSourcery\Sourcery G++ Lite/arm-none-eabi/lib\libc.a(lib_a-dtoa.o)
__nedf2                                           C:\CodeSourcery\Sourcery G++ Lite/lib/gcc/arm-none-eabi/4.8.1\libgcc.a(_arm_cmpdf2.o)
__nlocale_changed                                 C:\CodeSourcery\Sourcery G++ Lite/arm-none-eabi/lib\libc.a(lib_a-locale.o)
__pow5mult                                        C:\CodeSourcery\Sourcery G++ Lite/arm-none-eabi/lib\libc.a(lib_a-mprec.o)
                                                  C:\CodeSourcery\Sourcery G++ Lite/arm-none-eabi/lib\libc.a(lib_a-dtoa.o)
__ratio                                           C:\CodeSourcery\Sourcery G++ Lite/arm-none-eabi/lib\libc.a(lib_a-mprec.o)
__s2b                                             C:\CodeSourcery\Sourcery G++ Lite/arm-none-eabi/lib\libc.a(lib_a-mprec.o)
__ssprint_r                                       C:\CodeSourcery\Sourcery G++ Lite/arm-none-eabi/lib\libc.a(lib_a-svfiprintf.o)
                                                  C:\CodeSourcery\Sourcery G++ Lite/arm-none-eabi/lib\libc.a(lib_a-svfprintf.o)
__start                                           crt0.o
                                                  cp15a.o
__subdf3                                          C:\CodeSourcery\Sourcery G++ Lite/lib/gcc/arm-none-eabi/4.8.1\libgcc.a(_arm_addsubdf3.o)
__udivdi3                                         C:\CodeSourcery\Sourcery G++ Lite/lib/gcc/arm-none-eabi/4.8.1\libgcc.a(_udivdi3.o)
                                                  C:\CodeSourcery\Sourcery G++ Lite/lib/gcc/arm-none-eabi/4.8.1\libgcc.a(bpabi.o)
__udivsi3                                         C:\CodeSourcery\Sourcery G++ Lite/lib/gcc/arm-none-eabi/4.8.1\libgcc.a(_udivsi3.o)
__ulp                                             C:\CodeSourcery\Sourcery G++ Lite/arm-none-eabi/lib\libc.a(lib_a-mprec.o)
_atoi_r                                           C:\CodeSourcery\Sourcery G++ Lite/arm-none-eabi/lib\libc.a(lib_a-atoi.o)
_calloc_r                                         C:\CodeSourcery\Sourcery G++ Lite/arm-none-eabi/lib\libc.a(lib_a-callocr.o)
                                                  C:\CodeSourcery\Sourcery G++ Lite/arm-none-eabi/lib\libc.a(lib_a-mprec.o)
_ctype_                                           C:\CodeSourcery\Sourcery G++ Lite/arm-none-eabi/lib\libc.a(lib_a-ctype_.o)
_dtoa_r                                           C:\CodeSourcery\Sourcery G++ Lite/arm-none-eabi/lib\libc.a(lib_a-dtoa.o)
                                                  C:\CodeSourcery\Sourcery G++ Lite/arm-none-eabi/lib\libc.a(lib_a-svfprintf.o)
_free_r                                           C:\CodeSourcery\Sourcery G++ Lite/arm-none-eabi/lib\libc.a(lib_a-freer.o)
                                                  C:\CodeSourcery\Sourcery G++ Lite/arm-none-eabi/lib\libc.a(lib_a-reent.o)
                                                  C:\CodeSourcery\Sourcery G++ Lite/arm-none-eabi/lib\libc.a(lib_a-reallocr.o)
                                                  C:\CodeSourcery\Sourcery G++ Lite/arm-none-eabi/lib\libc.a(lib_a-svfiprintf.o)
                                                  C:\CodeSourcery\Sourcery G++ Lite/arm-none-eabi/lib\libc.a(lib_a-mallocr.o)
_global_impure_ptr                                C:\CodeSourcery\Sourcery G++ Lite/arm-none-eabi/lib\libc.a(lib_a-impure.o)
_impure_ptr                                       C:\CodeSourcery\Sourcery G++ Lite/arm-none-eabi/lib\libc.a(lib_a-impure.o)
                                                  C:\CodeSourcery\Sourcery G++ Lite/arm-none-eabi/lib\libc.a(lib_a-reent.o)
                                                  C:\CodeSourcery\Sourcery G++ Lite/arm-none-eabi/lib\libc.a(lib_a-locale.o)
                                                  C:\CodeSourcery\Sourcery G++ Lite/arm-none-eabi/lib\libc.a(lib_a-vsprintf.o)
                                                  C:\CodeSourcery\Sourcery G++ Lite/arm-none-eabi/lib\libc.a(lib_a-strtol.o)
_localeconv_r                                     C:\CodeSourcery\Sourcery G++ Lite/arm-none-eabi/lib\libc.a(lib_a-locale.o)